<html>
<body>
<pre>
<h1>µVision Build Log</h1>
<h2>Project:</h2>
C:\Users\Admin\Desktop\DATN\ESP_GateWay\MDK-ARM\ESP_GateWay.uvprojx
Project File Date:  08/01/2023

<h2>Output:</h2>
Build target 'ESP_GateWay'
compiling main.c...
linking...
Program Size: Code=13730 RO-data=578 RW-data=24 ZI-data=2040  
FromELF: creating hex file...
"ESP_GateWay\ESP_GateWay.axf" - 0 Error(s), 0 Warning(s).

<h2>Software Packages used:</h2>

Package Vendor: ARM
                http://www.keil.com/pack/ARM.CMSIS.4.1.0.pack
                ARM::CMSIS:CORE:3.30.0
                CMSIS (Cortex Microcontroller Software Interface Standard)
   * Component: CORE Version: 3.30.0

<h2>Collection of Component include folders:</h2>
  C:\Users\Admin\Desktop\DATN\ESP_GateWay\MDK-ARM\RTE
  D:\Keil_v5\ARM\PACK\ARM\CMSIS\4.1.0\CMSIS\Include

<h2>Collection of Component Files used:</h2>

   * Component: ARM::CMSIS:CORE:3.30.0
      Source file:   CMSIS\UserCodeTemplates\ARM\ITM_Retarget.c
</pre>
</body>
</html>
