Product: MDK-ARM Standard 5.10
Component: ARM Compiler 5.04 update 1 (build 49)
Tool: armlink [5040049]

==============================================================================

Section Cross References

    startup_stm32f103xb.o(STACK) refers (Special) to heapauxi.o(.text) for __use_two_region_memory
    startup_stm32f103xb.o(HEAP) refers (Special) to heapauxi.o(.text) for __use_two_region_memory
    startup_stm32f103xb.o(RESET) refers (Special) to heapauxi.o(.text) for __use_two_region_memory
    startup_stm32f103xb.o(RESET) refers to startup_stm32f103xb.o(STACK) for __initial_sp
    startup_stm32f103xb.o(RESET) refers to startup_stm32f103xb.o(.text) for Reset_Handler
    startup_stm32f103xb.o(RESET) refers to stm32f1xx_it.o(i.NMI_Handler) for NMI_Handler
    startup_stm32f103xb.o(RESET) refers to stm32f1xx_it.o(i.HardFault_Handler) for HardFault_Handler
    startup_stm32f103xb.o(RESET) refers to stm32f1xx_it.o(i.MemManage_Handler) for MemManage_Handler
    startup_stm32f103xb.o(RESET) refers to stm32f1xx_it.o(i.BusFault_Handler) for BusFault_Handler
    startup_stm32f103xb.o(RESET) refers to stm32f1xx_it.o(i.UsageFault_Handler) for UsageFault_Handler
    startup_stm32f103xb.o(RESET) refers to stm32f1xx_it.o(i.SVC_Handler) for SVC_Handler
    startup_stm32f103xb.o(RESET) refers to stm32f1xx_it.o(i.DebugMon_Handler) for DebugMon_Handler
    startup_stm32f103xb.o(RESET) refers to stm32f1xx_it.o(i.PendSV_Handler) for PendSV_Handler
    startup_stm32f103xb.o(RESET) refers to stm32f1xx_it.o(i.SysTick_Handler) for SysTick_Handler
    startup_stm32f103xb.o(RESET) refers to stm32f1xx_it.o(i.EXTI9_5_IRQHandler) for EXTI9_5_IRQHandler
    startup_stm32f103xb.o(RESET) refers to stm32f1xx_it.o(i.TIM2_IRQHandler) for TIM2_IRQHandler
    startup_stm32f103xb.o(.text) refers (Special) to heapauxi.o(.text) for __use_two_region_memory
    startup_stm32f103xb.o(.text) refers to system_stm32f1xx.o(i.SystemInit) for SystemInit
    startup_stm32f103xb.o(.text) refers to __main.o(!!!main) for __main
    startup_stm32f103xb.o(.text) refers to startup_stm32f103xb.o(HEAP) for Heap_Mem
    startup_stm32f103xb.o(.text) refers to startup_stm32f103xb.o(STACK) for Stack_Mem
    esp8266.o(i.Esp8266_ClearBuffer) refers to strlen.o(.text) for strlen
    esp8266.o(i.Esp8266_Command) refers to strlen.o(.text) for strlen
    esp8266.o(i.Esp8266_Command) refers to esp8266.o(i.Esp8266_ClearBuffer) for Esp8266_ClearBuffer
    esp8266.o(i.Esp8266_Command) refers to stm32f1xx_hal_uart.o(i.HAL_UART_Transmit) for HAL_UART_Transmit
    esp8266.o(i.Esp8266_Connect) refers to rt_memclr_w.o(.text) for __aeabi_memclr4
    esp8266.o(i.Esp8266_Connect) refers to noretval__2sprintf.o(.text) for __2sprintf
    esp8266.o(i.Esp8266_Connect) refers to strlen.o(.text) for strlen
    esp8266.o(i.Esp8266_Connect) refers to stm32f1xx_hal_uart.o(i.HAL_UART_Transmit) for HAL_UART_Transmit
    esp8266.o(i.Esp8266_Connect) refers to esp8266.o(i.Esp8266_ClearBuffer) for Esp8266_ClearBuffer
    esp8266.o(i.Esp8266_Connect) refers to stm32f1xx_hal.o(i.HAL_Delay) for HAL_Delay
    esp8266.o(i.Esp8266_Init) refers to rt_memclr_w.o(.text) for __aeabi_memclr4
    esp8266.o(i.Esp8266_Init) refers to noretval__2sprintf.o(.text) for __2sprintf
    esp8266.o(i.Esp8266_Init) refers to strlen.o(.text) for strlen
    esp8266.o(i.Esp8266_Init) refers to stm32f1xx_hal_uart.o(i.HAL_UART_Transmit) for HAL_UART_Transmit
    esp8266.o(i.Esp8266_Init) refers to esp8266.o(i.Esp8266_ClearBuffer) for Esp8266_ClearBuffer
    esp8266.o(i.Esp8266_Init) refers to stm32f1xx_hal.o(i.HAL_Delay) for HAL_Delay
    esp8266.o(i.Esp8266_Sendata) refers to _printf_percent.o(.ARM.Collect$$_printf_percent$$00000000) for _printf_percent
    esp8266.o(i.Esp8266_Sendata) refers to _printf_d.o(.ARM.Collect$$_printf_percent$$00000009) for _printf_d
    esp8266.o(i.Esp8266_Sendata) refers to _printf_f.o(.ARM.Collect$$_printf_percent$$00000003) for _printf_f
    esp8266.o(i.Esp8266_Sendata) refers to _printf_dec.o(.text) for _printf_int_dec
    esp8266.o(i.Esp8266_Sendata) refers to printf1.o(x$fpl$printf1) for _printf_fp_dec
    esp8266.o(i.Esp8266_Sendata) refers to _printf_i.o(.ARM.Collect$$_printf_percent$$00000008) for _printf_i
    esp8266.o(i.Esp8266_Sendata) refers to rt_memclr_w.o(.text) for __aeabi_memclr4
    esp8266.o(i.Esp8266_Sendata) refers to f2d.o(x$fpl$f2d) for __aeabi_f2d
    esp8266.o(i.Esp8266_Sendata) refers to noretval__2sprintf.o(.text) for __2sprintf
    esp8266.o(i.Esp8266_Sendata) refers to strlen.o(.text) for strlen
    esp8266.o(i.Esp8266_Sendata) refers to stm32f1xx_hal_uart.o(i.HAL_UART_Transmit) for HAL_UART_Transmit
    esp8266.o(i.Esp8266_Sendata) refers to stm32f1xx_hal.o(i.HAL_Delay) for HAL_Delay
    esp8266.o(i.Esp8266_Sendata) refers to esp8266.o(i.Esp8266_ClearBuffer) for Esp8266_ClearBuffer
    esp8266.o(i.Esp8266_Sendata) refers to esp8266.o(.conststring) for .conststring
[...]
    ../Core/Src/system_stm32f1xx.c           0x00000000   Number         0  system_stm32f1xx.o ABSOLUTE
    ../Drivers/STM32F1xx_HAL_Driver/Src/stm32f1xx_hal.c 0x00000000   Number         0  stm32f1xx_hal.o ABSOLUTE
    ../Drivers/STM32F1xx_HAL_Driver/Src/stm32f1xx_hal_cortex.c 0x00000000   Number         0  stm32f1xx_hal_cortex.o ABSOLUTE
    ../Drivers/STM32F1xx_HAL_Driver/Src/stm32f1xx_hal_dma.c 0x00000000   Number         0  stm32f1xx_hal_dma.o ABSOLUTE
    ../Drivers/STM32F1xx_HAL_Driver/Src/stm32f1xx_hal_exti.c 0x00000000   Number         0  stm32f1xx_hal_exti.o ABSOLUTE
    ../Drivers/STM32F1xx_HAL_Driver/Src/stm32f1xx_hal_flash.c 0x00000000   Number         0  stm32f1xx_hal_flash.o ABSOLUTE
    ../Drivers/STM32F1xx_HAL_Driver/Src/stm32f1xx_hal_flash_ex.c 0x00000000   Number         0  stm32f1xx_hal_flash_ex.o ABSOLUTE
    ../Drivers/STM32F1xx_HAL_Driver/Src/stm32f1xx_hal_gpio.c 0x00000000   Number         0  stm32f1xx_hal_gpio.o ABSOLUTE
    ../Drivers/STM32F1xx_HAL_Driver/Src/stm32f1xx_hal_gpio_ex.c 0x00000000   Number         0  stm32f1xx_hal_gpio_ex.o ABSOLUTE
    ../Drivers/STM32F1xx_HAL_Driver/Src/stm32f1xx_hal_pwr.c 0x00000000   Number         0  stm32f1xx_hal_pwr.o ABSOLUTE
    ../Drivers/STM32F1xx_HAL_Driver/Src/stm32f1xx_hal_rcc.c 0x00000000   Number         0  stm32f1xx_hal_rcc.o ABSOLUTE
    ../Drivers/STM32F1xx_HAL_Driver/Src/stm32f1xx_hal_rcc_ex.c 0x00000000   Number         0  stm32f1xx_hal_rcc_ex.o ABSOLUTE
    ../Drivers/STM32F1xx_HAL_Driver/Src/stm32f1xx_hal_spi.c 0x00000000   Number         0  stm32f1xx_hal_spi.o ABSOLUTE
    ../Drivers/STM32F1xx_HAL_Driver/Src/stm32f1xx_hal_tim.c 0x00000000   Number         0  stm32f1xx_hal_tim.o ABSOLUTE
    ../Drivers/STM32F1xx_HAL_Driver/Src/stm32f1xx_hal_tim_ex.c 0x00000000   Number         0  stm32f1xx_hal_tim_ex.o ABSOLUTE
    ../Drivers/STM32F1xx_HAL_Driver/Src/stm32f1xx_hal_uart.c 0x00000000   Number         0  stm32f1xx_hal_uart.o ABSOLUTE
    ../clib/angel/boardlib.s                 0x00000000   Number         0  boardinit3.o ABSOLUTE
    ../clib/angel/boardlib.s                 0x00000000   Number         0  boardinit2.o ABSOLUTE
    ../clib/angel/boardlib.s                 0x00000000   Number         0  boardshut.o ABSOLUTE
    ../clib/angel/boardlib.s                 0x00000000   Number         0  boardinit1.o ABSOLUTE
    ../clib/angel/handlers.s                 0x00000000   Number         0  __scatter_copy.o ABSOLUTE
    ../clib/angel/handlers.s                 0x00000000   Number         0  __scatter_zi.o ABSOLUTE
    ../clib/angel/kernel.s                   0x00000000   Number         0  rtentry2.o ABSOLUTE
    ../clib/angel/kernel.s                   0x00000000   Number         0  rtentry4.o ABSOLUTE
    ../clib/angel/kernel.s                   0x00000000   Number         0  rtexit2.o ABSOLUTE
    ../clib/angel/kernel.s                   0x00000000   Number         0  rtexit.o ABSOLUTE
    ../clib/angel/kernel.s                   0x00000000   Number         0  rtentry.o ABSOLUTE
    ../clib/angel/rt.s                       0x00000000   Number         0  rt_raise.o ABSOLUTE
    ../clib/angel/rt.s                       0x00000000   Number         0  rt_locale_intlibspace.o ABSOLUTE
    ../clib/angel/rt.s                       0x00000000   Number         0  rt_locale.o ABSOLUTE
    ../clib/angel/scatter.s                  0x00000000   Number         0  __scatter.o ABSOLUTE
    ../clib/angel/startup.s                  0x00000000   Number         0  __main.o ABSOLUTE
    ../clib/angel/sys.s                      0x00000000   Number         0  use_no_semi.o ABSOLUTE
    ../clib/angel/sys.s                      0x00000000   Number         0  libspace.o ABSOLUTE
    ../clib/angel/sys.s                      0x00000000   Number         0  sys_stackheap_outer.o ABSOLUTE
    ../clib/angel/sys.s                      0x00000000   Number         0  indicate_semi.o ABSOLUTE
    ../clib/angel/sysapp.c                   0x00000000   Number         0  sys_wrch.o ABSOLUTE
    ../clib/angel/sysapp.c                   0x00000000   Number         0  sys_exit.o ABSOLUTE
    ../clib/angel/sysapp.c                   0x00000000   Number         0  sys_command.o ABSOLUTE
    ../clib/armsys.c                         0x00000000   Number         0  argv_veneer.o ABSOLUTE
    ../clib/armsys.c                         0x00000000   Number         0  _get_argv_nomalloc.o ABSOLUTE
    ../clib/armsys.c                         0x00000000   Number         0  no_argv.o ABSOLUTE
    ../clib/armsys.c                         0x00000000   Number         0  argv_veneer.o ABSOLUTE
    ../clib/bigflt.c                         0x00000000   Number         0  bigflt0.o ABSOLUTE
    ../clib/btod.s                           0x00000000   Number         0  btod.o ABSOLUTE
    ../clib/heapalloc.c                      0x00000000   Number         0  hrguard.o ABSOLUTE
    ../clib/heapaux.c                        0x00000000   Number         0  heapauxi.o ABSOLUTE
    ../clib/libinit.s                        0x00000000   Number         0  libshutdown.o ABSOLUTE
    ../clib/libinit.s                        0x00000000   Number         0  libshutdown2.o ABSOLUTE
    ../clib/libinit.s                        0x00000000   Number         0  libinit.o ABSOLUTE
    ../clib/libinit.s                        0x00000000   Number         0  libinit2.o ABSOLUTE
    ../clib/locale.s                         0x00000000   Number         0  lc_numeric_c.o ABSOLUTE
    ../clib/longlong.s                       0x00000000   Number         0  llushr.o ABSOLUTE
    ../clib/longlong.s                       0x00000000   Number         0  lludiv10.o ABSOLUTE
    ../clib/memcpset.s                       0x00000000   Number         0  rt_memcpy_w.o ABSOLUTE
    ../clib/memcpset.s                       0x00000000   Number         0  rt_memclr_w.o ABSOLUTE
    ../clib/memcpset.s                       0x00000000   Number         0  strcmpv7m.o ABSOLUTE
    ../clib/printf.c                         0x00000000   Number         0  __printf_wp.o ABSOLUTE
    ../clib/printf.c                         0x00000000   Number         0  __printf_nopercent.o ABSOLUTE
    ../clib/printf.c                         0x00000000   Number         0  _printf_fp_infnan.o ABSOLUTE
    ../clib/printf.c                         0x00000000   Number         0  _sputc.o ABSOLUTE
    ../clib/printf.c                         0x00000000   Number         0  _printf_char_common.o ABSOLUTE
    ../clib/printf.c                         0x00000000   Number         0  _printf_fp_dec.o ABSOLUTE
    ../clib/printf.c                         0x00000000   Number         0  _printf_intcommon.o ABSOLUTE
    ../clib/printf.c                         0x00000000   Number         0  __printf_ss_wp.o ABSOLUTE
    ../clib/printf.c                         0x00000000   Number         0  __printf_flags_ss_wp.o ABSOLUTE
    ../clib/printf.c                         0x00000000   Number         0  __2sprintf.o ABSOLUTE
    ../clib/printf.c                         0x00000000   Number         0  noretval__2sprintf.o ABSOLUTE
    ../clib/printf.c                         0x00000000   Number         0  __printf.o ABSOLUTE
    ../clib/printf.c                         0x00000000   Number         0  _printf_dec.o ABSOLUTE
    ../clib/printf.c                         0x00000000   Number         0  __printf_flags.o ABSOLUTE
    ../clib/printf.c                         0x00000000   Number         0  __printf_ss.o ABSOLUTE
    ../clib/printf.c                         0x00000000   Number         0  __printf_flags_ss.o ABSOLUTE
    ../clib/printf.c                         0x00000000   Number         0  __printf_flags_wp.o ABSOLUTE
    ../clib/printf_percent.s                 0x00000000   Number         0  _printf_i.o ABSOLUTE
    ../clib/printf_percent.s                 0x00000000   Number         0  _printf_percent_end.o ABSOLUTE
    ../clib/printf_percent.s                 0x00000000   Number         0  _printf_f.o ABSOLUTE
    ../clib/printf_percent.s                 0x00000000   Number         0  _printf_d.o ABSOLUTE
    ../clib/printf_percent.s                 0x00000000   Number         0  _printf_percent.o ABSOLUTE
    ../clib/signal.c                         0x00000000   Number         0  defsig_cppl_inner.o ABSOLUTE
    ../clib/signal.c                         0x00000000   Number         0  defsig_segv_inner.o ABSOLUTE
    ../clib/signal.c                         0x00000000   Number         0  defsig_other.o ABSOLUTE
    ../clib/signal.c                         0x00000000   Number         0  defsig_rtmem_formal.o ABSOLUTE
    ../clib/signal.c                         0x00000000   Number         0  defsig_rtmem_outer.o ABSOLUTE
    ../clib/signal.c                         0x00000000   Number         0  defsig_exit.o ABSOLUTE
    ../clib/signal.c                         0x00000000   Number         0  defsig_rtmem_inner.o ABSOLUTE
    ../clib/signal.c                         0x00000000   Number         0  __raise.o ABSOLUTE
    ../clib/signal.c                         0x00000000   Number         0  defsig_general.o ABSOLUTE
    ../clib/signal.c                         0x00000000   Number         0  defsig_abrt_inner.o ABSOLUTE
    ../clib/signal.c                         0x00000000   Number         0  defsig_fpe_inner.o ABSOLUTE
    ../clib/signal.c                         0x00000000   Number         0  defsig_rtred_inner.o ABSOLUTE
    ../clib/signal.c                         0x00000000   Number         0  defsig_stak_inner.o ABSOLUTE
    ../clib/signal.c                         0x00000000   Number         0  defsig_pvfn_inner.o ABSOLUTE
    ../clib/signal.s                         0x00000000   Number         0  defsig.o ABSOLUTE
    ../clib/stdlib.c                         0x00000000   Number         0  exit.o ABSOLUTE
    ../clib/string.c                         0x00000000   Number         0  strlen.o ABSOLUTE
    ../fplib/dretinf.s                       0x00000000   Number         0  dretinf.o ABSOLUTE
    ../fplib/f2d.s                           0x00000000   Number         0  f2d.o ABSOLUTE
    ../fplib/fnaninf.s                       0x00000000   Number         0  fnaninf.o ABSOLUTE
    ../fplib/fpinit.s                        0x00000000   Number         0  fpinit.o ABSOLUTE
    ../fplib/istatus.s                       0x00000000   Number         0  istatus.o ABSOLUTE
    ../fplib/printf1.s                       0x00000000   Number         0  printf1.o ABSOLUTE
    ../fplib/usenofp.s                       0x00000000   Number         0  usenofp.o ABSOLUTE
    ../mathlib/fpclassify.c                  0x00000000   Number         0  fpclassify.o ABSOLUTE
    ..\Core\Src\LoRa.c                       0x00000000   Number         0  lora.o ABSOLUTE
    ..\Core\Src\esp8266.c                    0x00000000   Number         0  esp8266.o ABSOLUTE
    ..\Core\Src\main.c                       0x00000000   Number         0  main.o ABSOLUTE
    ..\Core\Src\stm32f1xx_hal_msp.c          0x00000000   Number         0  stm32f1xx_hal_msp.o ABSOLUTE
    ..\Core\Src\stm32f1xx_it.c               0x00000000   Number         0  stm32f1xx_it.o ABSOLUTE
    ..\Core\Src\system_stm32f1xx.c           0x00000000   Number         0  system_stm32f1xx.o ABSOLUTE
    ..\Drivers\STM32F1xx_HAL_Driver\Src\stm32f1xx_hal.c 0x00000000   Number         0  stm32f1xx_hal.o ABSOLUTE
    ..\Drivers\STM32F1xx_HAL_Driver\Src\stm32f1xx_hal_cortex.c 0x00000000   Number         0  stm32f1xx_hal_cortex.o ABSOLUTE
    ..\Drivers\STM32F1xx_HAL_Driver\Src\stm32f1xx_hal_dma.c 0x00000000   Number         0  stm32f1xx_hal_dma.o ABSOLUTE
    ..\Drivers\STM32F1xx_HAL_Driver\Src\stm32f1xx_hal_exti.c 0x00000000   Number         0  stm32f1xx_hal_exti.o ABSOLUTE
    ..\Drivers\STM32F1xx_HAL_Driver\Src\stm32f1xx_hal_flash.c 0x00000000   Number         0  stm32f1xx_hal_flash.o ABSOLUTE
    ..\Drivers\STM32F1xx_HAL_Driver\Src\stm32f1xx_hal_flash_ex.c 0x00000000   Number         0  stm32f1xx_hal_flash_ex.o ABSOLUTE
    ..\Drivers\STM32F1xx_HAL_Driver\Src\stm32f1xx_hal_gpio.c 0x00000000   Number         0  stm32f1xx_hal_gpio.o ABSOLUTE
    ..\Drivers\STM32F1xx_HAL_Driver\Src\stm32f1xx_hal_gpio_ex.c 0x00000000   Number         0  stm32f1xx_hal_gpio_ex.o ABSOLUTE
    ..\Drivers\STM32F1xx_HAL_Driver\Src\stm32f1xx_hal_pwr.c 0x00000000   Number         0  stm32f1xx_hal_pwr.o ABSOLUTE
    ..\Drivers\STM32F1xx_HAL_Driver\Src\stm32f1xx_hal_rcc.c 0x00000000   Number         0  stm32f1xx_hal_rcc.o ABSOLUTE
    ..\Drivers\STM32F1xx_HAL_Driver\Src\stm32f1xx_hal_rcc_ex.c 0x00000000   Number         0  stm32f1xx_hal_rcc_ex.o ABSOLUTE
    ..\Drivers\STM32F1xx_HAL_Driver\Src\stm32f1xx_hal_spi.c 0x00000000   Number         0  stm32f1xx_hal_spi.o ABSOLUTE
    ..\Drivers\STM32F1xx_HAL_Driver\Src\stm32f1xx_hal_tim.c 0x00000000   Number         0  stm32f1xx_hal_tim.o ABSOLUTE
    ..\Drivers\STM32F1xx_HAL_Driver\Src\stm32f1xx_hal_tim_ex.c 0x00000000   Number         0  stm32f1xx_hal_tim_ex.o ABSOLUTE
    ..\Drivers\STM32F1xx_HAL_Driver\Src\stm32f1xx_hal_uart.c 0x00000000   Number         0  stm32f1xx_hal_uart.o ABSOLUTE
    ..\\Core\\Src\\LoRa.c                    0x00000000   Number         0  lora.o ABSOLUTE
    ..\\Core\\Src\\esp8266.c                 0x00000000   Number         0  esp8266.o ABSOLUTE
    dc.s                                     0x00000000   Number         0  dc.o ABSOLUTE
    startup_stm32f103xb.s                    0x00000000   Number         0  startup_stm32f103xb.o ABSOLUTE
    RESET                                    0x08000000   Section      236  startup_stm32f103xb.o(RESET)
    !!!main                                  0x080000ec   Section        8  __main.o(!!!main)
    !!!scatter                               0x080000f4   Section       52  __scatter.o(!!!scatter)
    !!handler_copy                           0x08000128   Section       26  __scatter_copy.o(!!handler_copy)
    !!handler_zi                             0x08000144   Section       28  __scatter_zi.o(!!handler_zi)
    .ARM.Collect$$_printf_percent$$00000000  0x08000160   Section        0  _printf_percent.o(.ARM.Collect$$_printf_percent$$00000000)
    .ARM.Collect$$_printf_percent$$00000003  0x08000160   Section        6  _printf_f.o(.ARM.Collect$$_printf_percent$$00000003)
    .ARM.Collect$$_printf_percent$$00000008  0x08000166   Section        6  _printf_i.o(.ARM.Collect$$_printf_percent$$00000008)
    .ARM.Collect$$_printf_percent$$00000009  0x0800016c   Section        6  _printf_d.o(.ARM.Collect$$_printf_percent$$00000009)
    .ARM.Collect$$_printf_percent$$00000017  0x08000172   Section        4  _printf_percent_end.o(.ARM.Collect$$_printf_percent$$00000017)
    .ARM.Collect$$libinit$$00000000          0x08000176   Section        2  libinit.o(.ARM.Collect$$libinit$$00000000)
    .ARM.Collect$$libinit$$00000002          0x08000178   Section        0  libinit2.o(.ARM.Collect$$libinit$$00000002)
    .ARM.Collect$$libinit$$00000008          0x08000178   Section        0  libinit2.o(.ARM.Collect$$libinit$$00000008)
    .ARM.Collect$$libinit$$0000000A          0x08000178   Section        0  libinit2.o(.ARM.Collect$$libinit$$0000000A)
    .ARM.Collect$$libinit$$0000000C          0x08000178   Section        0  libinit2.o(.ARM.Collect$$libinit$$0000000C)
    .ARM.Collect$$libinit$$0000000D          0x08000178   Section        6  libinit2.o(.ARM.Collect$$libinit$$0000000D)
    .ARM.Collect$$libinit$$0000000F          0x0800017e   Section        0  libinit2.o(.ARM.Collect$$libinit$$0000000F)
    .ARM.Collect$$libinit$$00000011          0x0800017e   Section        0  libinit2.o(.ARM.Collect$$libinit$$00000011)
    .ARM.Collect$$libinit$$00000013          0x0800017e   Section        0  libinit2.o(.ARM.Collect$$libinit$$00000013)
    .ARM.Collect$$libinit$$00000014          0x0800017e   Section       10  libinit2.o(.ARM.Collect$$libinit$$00000014)
    .ARM.Collect$$libinit$$00000015          0x08000188   Section        0  libinit2.o(.ARM.Collect$$libinit$$00000015)
    .ARM.Collect$$libinit$$00000017          0x08000188   Section        0  libinit2.o(.ARM.Collect$$libinit$$00000017)
    .ARM.Collect$$libinit$$00000019          0x08000188   Section        0  libinit2.o(.ARM.Collect$$libinit$$00000019)
    .ARM.Collect$$libinit$$0000001B          0x08000188   Section        0  libinit2.o(.ARM.Collect$$libinit$$0000001B)
    .ARM.Collect$$libinit$$0000001D          0x08000188   Section        0  libinit2.o(.ARM.Collect$$libinit$$0000001D)
    .ARM.Collect$$libinit$$0000001F          0x08000188   Section        0  libinit2.o(.ARM.Collect$$libinit$$0000001F)
    .ARM.Collect$$libinit$$00000021          0x08000188   Section        0  libinit2.o(.ARM.Collect$$libinit$$00000021)
    .ARM.Collect$$libinit$$00000023          0x08000188   Section        0  libinit2.o(.ARM.Collect$$libinit$$00000023)
    .ARM.Collect$$libinit$$0000002A          0x08000188   Section        0  libinit2.o(.ARM.Collect$$libinit$$0000002A)
    .ARM.Collect$$libinit$$0000002C          0x08000188   Section        0  libinit2.o(.ARM.Collect$$libinit$$0000002C)
    .ARM.Collect$$libinit$$0000002E          0x08000188   Section        0  libinit2.o(.ARM.Collect$$libinit$$0000002E)
    .ARM.Collect$$libinit$$00000030          0x08000188   Section        0  libinit2.o(.ARM.Collect$$libinit$$00000030)
    .ARM.Collect$$libinit$$00000031          0x08000188   Section        2  libinit2.o(.ARM.Collect$$libinit$$00000031)
    .ARM.Collect$$libshutdown$$00000000      0x0800018a   Section        2  libshutdown.o(.ARM.Collect$$libshutdown$$00000000)
    .ARM.Collect$$libshutdown$$00000003      0x0800018c   Section        0  libshutdown2.o(.ARM.Collect$$libshutdown$$00000003)
    .ARM.Collect$$libshutdown$$00000006      0x0800018c   Section        0  libshutdown2.o(.ARM.Collect$$libshutdown$$00000006)
    .ARM.Collect$$libshutdown$$00000009      0x0800018c   Section        0  libshutdown2.o(.ARM.Collect$$libshutdown$$00000009)
    .ARM.Collect$$libshutdown$$0000000B      0x0800018c   Section        0  libshutdown2.o(.ARM.Collect$$libshutdown$$0000000B)
    .ARM.Collect$$libshutdown$$0000000E      0x0800018c   Section        0  libshutdown2.o(.ARM.Collect$$libshutdown$$0000000E)
    .ARM.Collect$$libshutdown$$0000000F      0x0800018c   Section        2  libshutdown2.o(.ARM.Collect$$libshutdown$$0000000F)
    .ARM.Collect$$rtentry$$00000000          0x0800018e   Section        0  rtentry.o(.ARM.Collect$$rtentry$$00000000)
    .ARM.Collect$$rtentry$$00000002          0x0800018e   Section        0  rtentry2.o(.ARM.Collect$$rtentry$$00000002)
    .ARM.Collect$$rtentry$$00000004          0x0800018e   Section        6  rtentry4.o(.ARM.Collect$$rtentry$$00000004)
    .ARM.Collect$$rtentry$$00000009          0x08000194   Section        0  rtentry2.o(.ARM.Collect$$rtentry$$00000009)
    .ARM.Collect$$rtentry$$0000000A          0x08000194   Section        4  rtentry2.o(.ARM.Collect$$rtentry$$0000000A)
    .ARM.Collect$$rtentry$$0000000C          0x08000198   Section        0  rtentry2.o(.ARM.Collect$$rtentry$$0000000C)
    .ARM.Collect$$rtentry$$0000000D          0x08000198   Section        8  rtentry2.o(.ARM.Collect$$rtentry$$0000000D)
    .ARM.Collect$$rtexit$$00000000           0x080001a0   Section        2  rtexit.o(.ARM.Collect$$rtexit$$00000000)
    .ARM.Collect$$rtexit$$00000002           0x080001a2   Section        0  rtexit2.o(.ARM.Collect$$rtexit$$00000002)
    .ARM.Collect$$rtexit$$00000003           0x080001a2   Section        4  rtexit2.o(.ARM.Collect$$rtexit$$00000003)
    .ARM.Collect$$rtexit$$00000004           0x080001a6   Section        6  rtexit2.o(.ARM.Collect$$rtexit$$00000004)
    .text                                    0x080001ac   Section       64  startup_stm32f103xb.o(.text)
    .text                                    0x080001ec   Section        0  noretval__2sprintf.o(.text)
    .text                                    0x08000214   Section        0  __printf.o(.text)
    .text                                    0x0800027c   Section        0  _printf_dec.o(.text)
    .text                                    0x080002f0   Section        0  strlen.o(.text)
    .text                                    0x0800032e   Section      100  rt_memcpy_w.o(.text)
    .text                                    0x08000392   Section       78  rt_memclr_w.o(.text)
    .text                                    0x080003e0   Section        0  heapauxi.o(.text)
    .text                                    0x080003e6   Section        0  _printf_intcommon.o(.text)
    .text                                    0x08000498   Section        0  _printf_fp_dec.o(.text)
    _fp_digits                               0x0800049b   Thumb Code   428  _printf_fp_dec.o(.text)
    .text                                    0x080008b0   Section        0  _printf_char_common.o(.text)
    _printf_input_char                       0x080008b1   Thumb Code    10  _printf_char_common.o(.text)
    .text                                    0x080008e0   Section        0  _sputc.o(.text)
    .text                                    0x080008ec   Section        8  rt_locale_intlibspace.o(.text)
    .text                                    0x080008f4   Section      138  lludiv10.o(.text)
    .text                                    0x08000980   Section        0  _printf_fp_infnan.o(.text)
    .text                                    0x08000a00   Section        0  bigflt0.o(.text)
    .text                                    0x08000ad8   Section        8  libspace.o(.text)
    .text                                    0x08000ae0   Section       74  sys_stackheap_outer.o(.text)
    .text                                    0x08000b2a   Section        0  exit.o(.text)
    .text                                    0x08000b38   Section      128  strcmpv7m.o(.text)
    .text                                    0x08000bb8   Section        0  sys_exit.o(.text)
    .text                                    0x08000bc4   Section        2  use_no_semi.o(.text)
    .text                                    0x08000bc6   Section        0  indicate_semi.o(.text)
    CL$$btod_d2e                             0x08000bc6   Section       62  btod.o(CL$$btod_d2e)
    CL$$btod_d2e_denorm_low                  0x08000c04   Section       70  btod.o(CL$$btod_d2e_denorm_low)
    CL$$btod_d2e_norm_op1                    0x08000c4a   Section       96  btod.o(CL$$btod_d2e_norm_op1)
    CL$$btod_div_common                      0x08000caa   Section      824  btod.o(CL$$btod_div_common)
    CL$$btod_e2e                             0x08000fe2   Section      198  btod.o(CL$$btod_e2e)
    CL$$btod_ediv                            0x080010a8   Section       40  btod.o(CL$$btod_ediv)
    CL$$btod_emul                            0x080010d0   Section       40  btod.o(CL$$btod_emul)
    CL$$btod_mult_common                     0x080010f8   Section      580  btod.o(CL$$btod_mult_common)
    i.BusFault_Handler                       0x0800133c   Section        0  stm32f1xx_it.o(i.BusFault_Handler)
    i.DebugMon_Handler                       0x0800133e   Section        0  stm32f1xx_it.o(i.DebugMon_Handler)
    i.EXTI9_5_IRQHandler                     0x08001340   Section        0  stm32f1xx_it.o(i.EXTI9_5_IRQHandler)
    i.Esp8266_ClearBuffer                    0x08001348   Section        0  esp8266.o(i.Esp8266_ClearBuffer)
    Esp8266_ClearBuffer                      0x08001349   Thumb Code    28  esp8266.o(i.Esp8266_ClearBuffer)
    i.Esp8266_Connect                        0x08001364   Section        0  esp8266.o(i.Esp8266_Connect)
    i.Esp8266_Init                           0x080013d8   Section        0  esp8266.o(i.Esp8266_Init)
    i.Esp8266_Sendata                        0x08001504   Section        0  esp8266.o(i.Esp8266_Sendata)
    i.HAL_Delay                              0x080015c4   Section        0  stm32f1xx_hal.o(i.HAL_Delay)
    i.HAL_GPIO_EXTI_Callback                 0x080015e8   Section        0  main.o(i.HAL_GPIO_EXTI_Callback)
    i.HAL_GPIO_EXTI_IRQHandler               0x0800161c   Section        0  stm32f1xx_hal_gpio.o(i.HAL_GPIO_EXTI_IRQHandler)
    i.HAL_GPIO_Init                          0x08001634   Section        0  stm32f1xx_hal_gpio.o(i.HAL_GPIO_Init)
    i.HAL_GPIO_WritePin                      0x08001814   Section        0  stm32f1xx_hal_gpio.o(i.HAL_GPIO_WritePin)
    i.HAL_GetTick                            0x08001820   Section        0  stm32f1xx_hal.o(i.HAL_GetTick)
    i.HAL_IncTick                            0x0800182c   Section        0  stm32f1xx_hal.o(i.HAL_IncTick)
    i.HAL_Init                               0x0800183c   Section        0  stm32f1xx_hal.o(i.HAL_Init)
    i.HAL_InitTick                           0x08001860   Section        0  stm32f1xx_hal.o(i.HAL_InitTick)
    i.HAL_MspInit                            0x080018a0   Section        0  stm32f1xx_hal_msp.o(i.HAL_MspInit)
    i.HAL_NVIC_EnableIRQ                     0x080018dc   Section        0  stm32f1xx_hal_cortex.o(i.HAL_NVIC_EnableIRQ)
    i.HAL_NVIC_SetPriority                   0x080018f8   Section        0  stm32f1xx_hal_cortex.o(i.HAL_NVIC_SetPriority)
    i.HAL_NVIC_SetPriorityGrouping           0x08001938   Section        0  stm32f1xx_hal_cortex.o(i.HAL_NVIC_SetPriorityGrouping)
    i.HAL_RCC_ClockConfig                    0x0800195c   Section        0  stm32f1xx_hal_rcc.o(i.HAL_RCC_ClockConfig)
    i.HAL_RCC_GetPCLK1Freq                   0x08001a88   Section        0  stm32f1xx_hal_rcc.o(i.HAL_RCC_GetPCLK1Freq)
    i.HAL_RCC_GetPCLK2Freq                   0x08001aa8   Section        0  stm32f1xx_hal_rcc.o(i.HAL_RCC_GetPCLK2Freq)
    i.HAL_RCC_GetSysClockFreq                0x08001ac8   Section        0  stm32f1xx_hal_rcc.o(i.HAL_RCC_GetSysClockFreq)
    i.HAL_RCC_OscConfig                      0x08001b14   Section        0  stm32f1xx_hal_rcc.o(i.HAL_RCC_OscConfig)
    i.HAL_SPI_GetState                       0x08001e34   Section        0  stm32f1xx_hal_spi.o(i.HAL_SPI_GetState)
    i.HAL_SPI_Init                           0x08001e3a   Section        0  stm32f1xx_hal_spi.o(i.HAL_SPI_Init)
    i.HAL_SPI_MspInit                        0x08001eec   Section        0  stm32f1xx_hal_msp.o(i.HAL_SPI_MspInit)
    i.HAL_SPI_Receive                        0x08001f60   Section        0  stm32f1xx_hal_spi.o(i.HAL_SPI_Receive)
    i.HAL_SPI_Transmit                       0x080020b6   Section        0  stm32f1xx_hal_spi.o(i.HAL_SPI_Transmit)
    i.HAL_SPI_TransmitReceive                0x08002224   Section        0  stm32f1xx_hal_spi.o(i.HAL_SPI_TransmitReceive)
    i.HAL_SYSTICK_Config                     0x08002412   Section        0  stm32f1xx_hal_cortex.o(i.HAL_SYSTICK_Config)
    i.HAL_TIMEx_BreakCallback                0x0800243a   Section        0  stm32f1xx_hal_tim_ex.o(i.HAL_TIMEx_BreakCallback)
    i.HAL_TIMEx_CommutCallback               0x0800243c   Section        0  stm32f1xx_hal_tim_ex.o(i.HAL_TIMEx_CommutCallback)
    i.HAL_TIMEx_MasterConfigSynchronization  0x08002440   Section        0  stm32f1xx_hal_tim_ex.o(i.HAL_TIMEx_MasterConfigSynchronization)
    i.HAL_TIM_Base_Init                      0x080024a8   Section        0  stm32f1xx_hal_tim.o(i.HAL_TIM_Base_Init)
    i.HAL_TIM_Base_MspInit                   0x08002504   Section        0  stm32f1xx_hal_msp.o(i.HAL_TIM_Base_MspInit)
    i.HAL_TIM_ConfigClockSource              0x0800253c   Section        0  stm32f1xx_hal_tim.o(i.HAL_TIM_ConfigClockSource)
    i.HAL_TIM_IC_CaptureCallback             0x08002618   Section        0  stm32f1xx_hal_tim.o(i.HAL_TIM_IC_CaptureCallback)
    i.HAL_TIM_IRQHandler                     0x0800261a   Section        0  stm32f1xx_hal_tim.o(i.HAL_TIM_IRQHandler)
    i.HAL_TIM_OC_DelayElapsedCallback        0x08002780   Section        0  stm32f1xx_hal_tim.o(i.HAL_TIM_OC_DelayElapsedCallback)
    i.HAL_TIM_PWM_PulseFinishedCallback      0x08002782   Section        0  stm32f1xx_hal_tim.o(i.HAL_TIM_PWM_PulseFinishedCallback)
    i.HAL_TIM_PeriodElapsedCallback          0x08002784   Section        0  main.o(i.HAL_TIM_PeriodElapsedCallback)
    i.HAL_TIM_TriggerCallback                0x08002880   Section        0  stm32f1xx_hal_tim.o(i.HAL_TIM_TriggerCallback)
    i.HAL_UART_Init                          0x08002882   Section        0  stm32f1xx_hal_uart.o(i.HAL_UART_Init)
    i.HAL_UART_MspInit                       0x080028e8   Section        0  stm32f1xx_hal_msp.o(i.HAL_UART_MspInit)
    i.HAL_UART_Transmit                      0x08002968   Section        0  stm32f1xx_hal_uart.o(i.HAL_UART_Transmit)
    i.HardFault_Handler                      0x08002a02   Section        0  stm32f1xx_it.o(i.HardFault_Handler)
    i.LoRa_gotoMode                          0x08002a04   Section        0  lora.o(i.LoRa_gotoMode)
    i.LoRa_init                              0x08002a6a   Section        0  lora.o(i.LoRa_init)
    i.LoRa_read                              0x08002b48   Section        0  lora.o(i.LoRa_read)
    i.LoRa_readReg                           0x08002b66   Section        0  lora.o(i.LoRa_readReg)
    i.LoRa_receive                           0x08002bbe   Section        0  lora.o(i.LoRa_receive)
    i.LoRa_setFrequency                      0x08002c3a   Section        0  lora.o(i.LoRa_setFrequency)
    i.LoRa_setOCP                            0x08002c7a   Section        0  lora.o(i.LoRa_setOCP)
    i.LoRa_setPower                          0x08002cb8   Section        0  lora.o(i.LoRa_setPower)
    i.LoRa_setSpreadingFactor                0x08002ccc   Section        0  lora.o(i.LoRa_setSpreadingFactor)
    i.LoRa_setTOMsb_setCRCon                 0x08002d06   Section        0  lora.o(i.LoRa_setTOMsb_setCRCon)
    i.LoRa_startReceiving                    0x08002d26   Section        0  lora.o(i.LoRa_startReceiving)
    i.LoRa_write                             0x08002d2c   Section        0  lora.o(i.LoRa_write)
    i.LoRa_writeReg                          0x08002d4a   Section        0  lora.o(i.LoRa_writeReg)
    i.MX_GPIO_Init                           0x08002da4   Section        0  main.o(i.MX_GPIO_Init)
    MX_GPIO_Init                             0x08002da5   Thumb Code   178  main.o(i.MX_GPIO_Init)
    i.MX_SPI2_Init                           0x08002e68   Section        0  main.o(i.MX_SPI2_Init)
    MX_SPI2_Init                             0x08002e69   Thumb Code    58  main.o(i.MX_SPI2_Init)
    i.MX_TIM2_Init                           0x08002eac   Section        0  main.o(i.MX_TIM2_Init)
    MX_TIM2_Init                             0x08002ead   Thumb Code    98  main.o(i.MX_TIM2_Init)
    i.MemManage_Handler                      0x08002f14   Section        0  stm32f1xx_it.o(i.MemManage_Handler)
    i.NMI_Handler                            0x08002f16   Section        0  stm32f1xx_it.o(i.NMI_Handler)
    i.PendSV_Handler                         0x08002f18   Section        0  stm32f1xx_it.o(i.PendSV_Handler)
    i.SPI_EndRxTransaction                   0x08002f1a   Section        0  stm32f1xx_hal_spi.o(i.SPI_EndRxTransaction)
    SPI_EndRxTransaction                     0x08002f1b   Thumb Code    92  stm32f1xx_hal_spi.o(i.SPI_EndRxTransaction)
    i.SPI_EndRxTxTransaction                 0x08002f76   Section        0  stm32f1xx_hal_spi.o(i.SPI_EndRxTxTransaction)
    SPI_EndRxTxTransaction                   0x08002f77   Thumb Code    32  stm32f1xx_hal_spi.o(i.SPI_EndRxTxTransaction)
    i.SPI_WaitFlagStateUntilTimeout          0x08002f98   Section        0  stm32f1xx_hal_spi.o(i.SPI_WaitFlagStateUntilTimeout)
    SPI_WaitFlagStateUntilTimeout            0x08002f99   Thumb Code   180  stm32f1xx_hal_spi.o(i.SPI_WaitFlagStateUntilTimeout)
    i.SVC_Handler                            0x08003050   Section        0  stm32f1xx_it.o(i.SVC_Handler)
    i.Setup_LoRa                             0x08003054   Section        0  main.o(i.Setup_LoRa)
    i.SysTick_Handler                        0x080030d0   Section        0  stm32f1xx_it.o(i.SysTick_Handler)
    i.SystemClock_Config                     0x080030d4   Section        0  main.o(i.SystemClock_Config)
    i.SystemInit                             0x08003132   Section        0  system_stm32f1xx.o(i.SystemInit)
    i.TIM2_IRQHandler                        0x08003134   Section        0  stm32f1xx_it.o(i.TIM2_IRQHandler)
    i.TIM_Base_SetConfig                     0x08003140   Section        0  stm32f1xx_hal_tim.o(i.TIM_Base_SetConfig)
    i.TIM_ETR_SetConfig                      0x080031ac   Section        0  stm32f1xx_hal_tim.o(i.TIM_ETR_SetConfig)
    i.TIM_ITRx_SetConfig                     0x080031c0   Section        0  stm32f1xx_hal_tim.o(i.TIM_ITRx_SetConfig)
    TIM_ITRx_SetConfig                       0x080031c1   Thumb Code    16  stm32f1xx_hal_tim.o(i.TIM_ITRx_SetConfig)
    i.TIM_TI1_ConfigInputStage               0x080031d0   Section        0  stm32f1xx_hal_tim.o(i.TIM_TI1_ConfigInputStage)
    TIM_TI1_ConfigInputStage                 0x080031d1   Thumb Code    34  stm32f1xx_hal_tim.o(i.TIM_TI1_ConfigInputStage)
    i.TIM_TI2_ConfigInputStage               0x080031f2   Section        0  stm32f1xx_hal_tim.o(i.TIM_TI2_ConfigInputStage)
    TIM_TI2_ConfigInputStage                 0x080031f3   Thumb Code    36  stm32f1xx_hal_tim.o(i.TIM_TI2_ConfigInputStage)
    i.UART_SetConfig                         0x08003218   Section        0  stm32f1xx_hal_uart.o(i.UART_SetConfig)
    UART_SetConfig                           0x08003219   Thumb Code   136  stm32f1xx_hal_uart.o(i.UART_SetConfig)
    i.UART_WaitOnFlagUntilTimeout            0x080032a4   Section        0  stm32f1xx_hal_uart.o(i.UART_WaitOnFlagUntilTimeout)
    UART_WaitOnFlagUntilTimeout              0x080032a5   Thumb Code   120  stm32f1xx_hal_uart.o(i.UART_WaitOnFlagUntilTimeout)
    i.UsageFault_Handler                     0x0800331c   Section        0  stm32f1xx_it.o(i.UsageFault_Handler)
    i.__ARM_fpclassify                       0x0800331e   Section        0  fpclassify.o(i.__ARM_fpclassify)
    i.__NVIC_SetPriority                     0x08003346   Section        0  stm32f1xx_hal_cortex.o(i.__NVIC_SetPriority)
    __NVIC_SetPriority                       0x08003347   Thumb Code    32  stm32f1xx_hal_cortex.o(i.__NVIC_SetPriority)
    i.main                                   0x08003368   Section        0  main.o(i.main)
    i.newLoRa                                0x0800351c   Section        0  lora.o(i.newLoRa)
    i.retrieveUint32FromArray                0x08003554   Section        0  main.o(i.retrieveUint32FromArray)
    locale$$code                             0x08003570   Section       44  lc_numeric_c.o(locale$$code)
    x$fpl$dretinf                            0x0800359c   Section       12  dretinf.o(x$fpl$dretinf)
    x$fpl$f2d                                0x080035a8   Section       86  f2d.o(x$fpl$f2d)
    x$fpl$fnaninf                            0x080035fe   Section      140  fnaninf.o(x$fpl$fnaninf)
    x$fpl$printf1                            0x0800368a   Section        4  printf1.o(x$fpl$printf1)
    .constdata                               0x0800368e   Section       18  stm32f1xx_hal_rcc.o(.constdata)
    x$fpl$usenofp                            0x0800368e   Section        0  usenofp.o(x$fpl$usenofp)
    aPredivFactorTable                       0x0800368e   Data           2  stm32f1xx_hal_rcc.o(.constdata)
    aPLLMULFactorTable                       0x08003690   Data          16  stm32f1xx_hal_rcc.o(.constdata)
    .constdata                               0x080036a0   Section       16  system_stm32f1xx.o(.constdata)
    .constdata                               0x080036b0   Section        8  system_stm32f1xx.o(.constdata)
    .constdata                               0x080036b8   Section      148  bigflt0.o(.constdata)
    tenpwrs_x                                0x080036b8   Data          60  bigflt0.o(.constdata)
    tenpwrs_i                                0x080036f4   Data          64  bigflt0.o(.constdata)
    .conststring                             0x0800374c   Section       92  esp8266.o(.conststring)
    locale$$data                             0x080037c8   Section       28  lc_numeric_c.o(locale$$data)
    __lcnum_c_name                           0x080037cc   Data           2  lc_numeric_c.o(locale$$data)
    __lcnum_c_start                          0x080037d4   Data           0  lc_numeric_c.o(locale$$data)
    __lcnum_c_point                          0x080037e0   Data           0  lc_numeric_c.o(locale$$data)
    __lcnum_c_thousands                      0x080037e2   Data           0  lc_numeric_c.o(locale$$data)
    __lcnum_c_grouping                       0x080037e3   Data           0  lc_numeric_c.o(locale$$data)
    __lcnum_c_end                            0x080037e4   Data           0  lc_numeric_c.o(locale$$data)
    .data                                    0x20000000   Section        8  main.o(.data)
    .data                                    0x20000008   Section       12  stm32f1xx_hal.o(.data)
    .data                                    0x20000014   Section        4  system_stm32f1xx.o(.data)
    .bss                                     0x20000018   Section      404  main.o(.bss)
    .bss                                     0x200001ac   Section       96  libspace.o(.bss)
    HEAP                                     0x20000210   Section      512  startup_stm32f103xb.o(HEAP)
    Heap_Mem                                 0x20000210   Data         512  startup_stm32f103xb.o(HEAP)
    STACK                                    0x20000410   Section     1024  startup_stm32f103xb.o(STACK)
    Stack_Mem                                0x20000410   Data        1024  startup_stm32f103xb.o(STACK)
    __initial_sp                             0x20000810   Data           0  startup_stm32f103xb.o(STACK)

    Global Symbols

    Symbol Name                              Value     Ov Type        Size  Object(Section)

    BuildAttributes$$THM_ISAv4$P$D$K$B$S$PE$A:L22UL41UL21$X:L11$S22US41US21$IEEE1$IW$USESV6$~STKCKD$USESV7$~SHL$OTIME$ROPI$IEEEJ$EBA8$UX$STANDARDLIB$REQ8$PRES8$EABIv2 0x00000000   Number         0  anon$$obj.o ABSOLUTE
    __ARM_use_no_argv                        0x00000000   Number         0  main.o ABSOLUTE
    __ARM_exceptions_init                     - Undefined Weak Reference
    __alloca_initialize                       - Undefined Weak Reference
    __cpp_initialize__aeabi_                  - Undefined Weak Reference
    __cxa_finalize                            - Undefined Weak Reference
    __sigvec_lookup                           - Undefined Weak Reference
    _atexit_init                              - Undefined Weak Reference
    _call_atexit_fns                          - Undefined Weak Reference
    _clock_init                               - Undefined Weak Reference
    _fp_trap_init                             - Undefined Weak Reference
    _fp_trap_shutdown                         - Undefined Weak Reference
    _get_lc_collate                           - Undefined Weak Reference
    _get_lc_ctype                             - Undefined Weak Reference
    _get_lc_monetary                          - Undefined Weak Reference
    _get_lc_time                              - Undefined Weak Reference
    _getenv_init                              - Undefined Weak Reference
    _handle_redirection                       - Undefined Weak Reference
    _init_alloc                               - Undefined Weak Reference
    _init_user_alloc                          - Undefined Weak Reference
    _initio                                   - Undefined Weak Reference
    _printf_post_padding                      - Undefined Weak Reference
    _printf_pre_padding                       - Undefined Weak Reference
    _printf_truncate_signed                   - Undefined Weak Reference
    _printf_truncate_unsigned                 - Undefined Weak Reference
    _rand_init                                - Undefined Weak Reference
    _signal_finish                            - Undefined Weak Reference
    _signal_init                              - Undefined Weak Reference
    _terminate_alloc                          - Undefined Weak Reference
    _terminate_user_alloc                     - Undefined Weak Reference
    _terminateio                              - Undefined Weak Reference
    __Vectors_Size                           0x000000ec   Number         0  startup_stm32f103xb.o ABSOLUTE
    __Vectors                                0x08000000   Data           4  startup_stm32f103xb.o(RESET)
    __Vectors_End                            0x080000ec   Data           0  startup_stm32f103xb.o(RESET)
    __main                                   0x080000ed   Thumb Code     8  __main.o(!!!main)
    __scatterload                            0x080000f5   Thumb Code     0  __scatter.o(!!!scatter)
    __scatterload_rt2                        0x080000f5   Thumb Code    44  __scatter.o(!!!scatter)
    __scatterload_rt2_thumb_only             0x080000f5   Thumb Code     0  __scatter.o(!!!scatter)
    __scatterload_null                       0x08000103   Thumb Code     0  __scatter.o(!!!scatter)
    __scatterload_copy                       0x08000129   Thumb Code    26  __scatter_copy.o(!!handler_copy)
    __scatterload_zeroinit                   0x08000145   Thumb Code    28  __scatter_zi.o(!!handler_zi)
    _printf_f                                0x08000161   Thumb Code     0  _printf_f.o(.ARM.Collect$$_printf_percent$$00000003)
    _printf_percent                          0x08000161   Thumb Code     0  _printf_percent.o(.ARM.Collect$$_printf_percent$$00000000)
    _printf_i                                0x08000167   Thumb Code     0  _printf_i.o(.ARM.Collect$$_printf_percent$$00000008)
    _printf_d                                0x0800016d   Thumb Code     0  _printf_d.o(.ARM.Collect$$_printf_percent$$00000009)
    _printf_percent_end                      0x08000173   Thumb Code     0  _printf_percent_end.o(.ARM.Collect$$_printf_percent$$00000017)
    __rt_lib_init                            0x08000177   Thumb Code     0  libinit.o(.ARM.Collect$$libinit$$00000000)
    __rt_lib_init_fp_1                       0x08000179   Thumb Code     0  libinit2.o(.ARM.Collect$$libinit$$00000002)
    __rt_lib_init_heap_1                     0x08000179   Thumb Code     0  libinit2.o(.ARM.Collect$$libinit$$00000008)
    __rt_lib_init_lc_common                  0x08000179   Thumb Code     0  libinit2.o(.ARM.Collect$$libinit$$0000000D)
    __rt_lib_init_rand_1                     0x08000179   Thumb Code     0  libinit2.o(.ARM.Collect$$libinit$$0000000C)
    __rt_lib_init_user_alloc_1               0x08000179   Thumb Code     0  libinit2.o(.ARM.Collect$$libinit$$0000000A)
    __rt_lib_init_lc_collate_1               0x0800017f   Thumb Code     0  libinit2.o(.ARM.Collect$$libinit$$0000000F)
    __rt_lib_init_lc_ctype_1                 0x0800017f   Thumb Code     0  libinit2.o(.ARM.Collect$$libinit$$00000011)
    __rt_lib_init_lc_monetary_1              0x0800017f   Thumb Code     0  libinit2.o(.ARM.Collect$$libinit$$00000013)
    __rt_lib_init_lc_numeric_2               0x0800017f   Thumb Code     0  libinit2.o(.ARM.Collect$$libinit$$00000014)
    __rt_lib_init_alloca_1                   0x08000189   Thumb Code     0  libinit2.o(.ARM.Collect$$libinit$$0000002C)
    __rt_lib_init_argv_1                     0x08000189   Thumb Code     0  libinit2.o(.ARM.Collect$$libinit$$0000002A)
    __rt_lib_init_atexit_1                   0x08000189   Thumb Code     0  libinit2.o(.ARM.Collect$$libinit$$00000019)
    __rt_lib_init_clock_1                    0x08000189   Thumb Code     0  libinit2.o(.ARM.Collect$$libinit$$0000001F)
    __rt_lib_init_cpp_1                      0x08000189   Thumb Code     0  libinit2.o(.ARM.Collect$$libinit$$00000030)
    __rt_lib_init_exceptions_1               0x08000189   Thumb Code     0  libinit2.o(.ARM.Collect$$libinit$$0000002E)
    __rt_lib_init_fp_trap_1                  0x08000189   Thumb Code     0  libinit2.o(.ARM.Collect$$libinit$$0000001D)
    __rt_lib_init_getenv_1                   0x08000189   Thumb Code     0  libinit2.o(.ARM.Collect$$libinit$$00000021)
    __rt_lib_init_lc_numeric_1               0x08000189   Thumb Code     0  libinit2.o(.ARM.Collect$$libinit$$00000015)
    __rt_lib_init_lc_time_1                  0x08000189   Thumb Code     0  libinit2.o(.ARM.Collect$$libinit$$00000017)
    __rt_lib_init_return                     0x08000189   Thumb Code     0  libinit2.o(.ARM.Collect$$libinit$$00000031)
    __rt_lib_init_signal_1                   0x08000189   Thumb Code     0  libinit2.o(.ARM.Collect$$libinit$$0000001B)
    __rt_lib_init_stdio_1                    0x08000189   Thumb Code     0  libinit2.o(.ARM.Collect$$libinit$$00000023)
    __rt_lib_shutdown                        0x0800018b   Thumb Code     0  libshutdown.o(.ARM.Collect$$libshutdown$$00000000)
    __rt_lib_shutdown_fp_trap_1              0x0800018d   Thumb Code     0  libshutdown2.o(.ARM.Collect$$libshutdown$$00000006)
    __rt_lib_shutdown_heap_1                 0x0800018d   Thumb Code     0  libshutdown2.o(.ARM.Collect$$libshutdown$$0000000E)
    __rt_lib_shutdown_return                 0x0800018d   Thumb Code     0  libshutdown2.o(.ARM.Collect$$libshutdown$$0000000F)
    __rt_lib_shutdown_signal_1               0x0800018d   Thumb Code     0  libshutdown2.o(.ARM.Collect$$libshutdown$$00000009)
    __rt_lib_shutdown_stdio_1                0x0800018d   Thumb Code     0  libshutdown2.o(.ARM.Collect$$libshutdown$$00000003)
    __rt_lib_shutdown_user_alloc_1           0x0800018d   Thumb Code     0  libshutdown2.o(.ARM.Collect$$libshutdown$$0000000B)
    __rt_entry                               0x0800018f   Thumb Code     0  rtentry.o(.ARM.Collect$$rtentry$$00000000)
    __rt_entry_presh_1                       0x0800018f   Thumb Code     0  rtentry2.o(.ARM.Collect$$rtentry$$00000002)
    __rt_entry_sh                            0x0800018f   Thumb Code     0  rtentry4.o(.ARM.Collect$$rtentry$$00000004)
    __rt_entry_li                            0x08000195   Thumb Code     0  rtentry2.o(.ARM.Collect$$rtentry$$0000000A)
    __rt_entry_postsh_1                      0x08000195   Thumb Code     0  rtentry2.o(.ARM.Collect$$rtentry$$00000009)
    __rt_entry_main                          0x08000199   Thumb Code     0  rtentry2.o(.ARM.Collect$$rtentry$$0000000D)
    __rt_entry_postli_1                      0x08000199   Thumb Code     0  rtentry2.o(.ARM.Collect$$rtentry$$0000000C)
    __rt_exit                                0x080001a1   Thumb Code     0  rtexit.o(.ARM.Collect$$rtexit$$00000000)
    __rt_exit_ls                             0x080001a3   Thumb Code     0  rtexit2.o(.ARM.Collect$$rtexit$$00000003)
    __rt_exit_prels_1                        0x080001a3   Thumb Code     0  rtexit2.o(.ARM.Collect$$rtexit$$00000002)
    __rt_exit_exit                           0x080001a7   Thumb Code     0  rtexit2.o(.ARM.Collect$$rtexit$$00000004)
    Reset_Handler                            0x080001ad   Thumb Code     8  startup_stm32f103xb.o(.text)
    ADC1_2_IRQHandler                        0x080001c7   Thumb Code     0  startup_stm32f103xb.o(.text)
    CAN1_RX1_IRQHandler                      0x080001c7   Thumb Code     0  startup_stm32f103xb.o(.text)
    CAN1_SCE_IRQHandler                      0x080001c7   Thumb Code     0  startup_stm32f103xb.o(.text)
    DMA1_Channel1_IRQHandler                 0x080001c7   Thumb Code     0  startup_stm32f103xb.o(.text)
    DMA1_Channel2_IRQHandler                 0x080001c7   Thumb Code     0  startup_stm32f103xb.o(.text)
    DMA1_Channel3_IRQHandler                 0x080001c7   Thumb Code     0  startup_stm32f103xb.o(.text)
    DMA1_Channel4_IRQHandler                 0x080001c7   Thumb Code     0  startup_stm32f103xb.o(.text)
    DMA1_Channel5_IRQHandler                 0x080001c7   Thumb Code     0  startup_stm32f103xb.o(.text)
    DMA1_Channel6_IRQHandler                 0x080001c7   Thumb Code     0  startup_stm32f103xb.o(.text)
    DMA1_Channel7_IRQHandler                 0x080001c7   Thumb Code     0  startup_stm32f103xb.o(.text)
    EXTI0_IRQHandler                         0x080001c7   Thumb Code     0  startup_stm32f103xb.o(.text)
    EXTI15_10_IRQHandler                     0x080001c7   Thumb Code     0  startup_stm32f103xb.o(.text)
    EXTI1_IRQHandler                         0x080001c7   Thumb Code     0  startup_stm32f103xb.o(.text)
    EXTI2_IRQHandler                         0x080001c7   Thumb Code     0  startup_stm32f103xb.o(.text)
    EXTI3_IRQHandler                         0x080001c7   Thumb Code     0  startup_stm32f103xb.o(.text)
    EXTI4_IRQHandler                         0x080001c7   Thumb Code     0  startup_stm32f103xb.o(.text)
    FLASH_IRQHandler                         0x080001c7   Thumb Code     0  startup_stm32f103xb.o(.text)
    I2C1_ER_IRQHandler                       0x080001c7   Thumb Code     0  startup_stm32f103xb.o(.text)
    I2C1_EV_IRQHandler                       0x080001c7   Thumb Code     0  startup_stm32f103xb.o(.text)
    I2C2_ER_IRQHandler                       0x080001c7   Thumb Code     0  startup_stm32f103xb.o(.text)
    I2C2_EV_IRQHandler                       0x080001c7   Thumb Code     0  startup_stm32f103xb.o(.text)
    PVD_IRQHandler                           0x080001c7   Thumb Code     0  startup_stm32f103xb.o(.text)
    RCC_IRQHandler                           0x080001c7   Thumb Code     0  startup_stm32f103xb.o(.text)
    RTC_Alarm_IRQHandler                     0x080001c7   Thumb Code     0  startup_stm32f103xb.o(.text)
    RTC_IRQHandler                           0x080001c7   Thumb Code     0  startup_stm32f103xb.o(.text)
    SPI1_IRQHandler                          0x080001c7   Thumb Code     0  startup_stm32f103xb.o(.text)
    SPI2_IRQHandler                          0x080001c7   Thumb Code     0  startup_stm32f103xb.o(.text)
    TAMPER_IRQHandler                        0x080001c7   Thumb Code     0  startup_stm32f103xb.o(.text)
    TIM1_BRK_IRQHandler                      0x080001c7   Thumb Code     0  startup_stm32f103xb.o(.text)
    TIM1_CC_IRQHandler                       0x080001c7   Thumb Code     0  startup_stm32f103xb.o(.text)
    TIM1_TRG_COM_IRQHandler                  0x080001c7   Thumb Code     0  startup_stm32f103xb.o(.text)
    TIM1_UP_IRQHandler                       0x080001c7   Thumb Code     0  startup_stm32f103xb.o(.text)
    TIM3_IRQHandler                          0x080001c7   Thumb Code     0  startup_stm32f103xb.o(.text)
    TIM4_IRQHandler                          0x080001c7   Thumb Code     0  startup_stm32f103xb.o(.text)
    USART1_IRQHandler                        0x080001c7   Thumb Code     0  startup_stm32f103xb.o(.text)
    USART2_IRQHandler                        0x080001c7   Thumb Code     0  startup_stm32f103xb.o(.text)
    USART3_IRQHandler                        0x080001c7   Thumb Code     0  startup_stm32f103xb.o(.text)
    USBWakeUp_IRQHandler                     0x080001c7   Thumb Code     0  startup_stm32f103xb.o(.text)
    USB_HP_CAN1_TX_IRQHandler                0x080001c7   Thumb Code     0  startup_stm32f103xb.o(.text)
    USB_LP_CAN1_RX0_IRQHandler               0x080001c7   Thumb Code     0  startup_stm32f103xb.o(.text)
    WWDG_IRQHandler                          0x080001c7   Thumb Code     0  startup_stm32f103xb.o(.text)
    __user_initial_stackheap                 0x080001c9   Thumb Code     0  startup_stm32f103xb.o(.text)
    __2sprintf                               0x080001ed   Thumb Code    34  noretval__2sprintf.o(.text)
    __printf                                 0x08000215   Thumb Code   104  __printf.o(.text)
    _printf_int_dec                          0x0800027d   Thumb Code   100  _printf_dec.o(.text)
    strlen                                   0x080002f1   Thumb Code    62  strlen.o(.text)
    __aeabi_memcpy4                          0x0800032f   Thumb Code     0  rt_memcpy_w.o(.text)
    __aeabi_memcpy8                          0x0800032f   Thumb Code     0  rt_memcpy_w.o(.text)
    __rt_memcpy_w                            0x0800032f   Thumb Code   100  rt_memcpy_w.o(.text)
    _memcpy_lastbytes_aligned                0x08000377   Thumb Code     0  rt_memcpy_w.o(.text)
    __aeabi_memclr4                          0x08000393   Thumb Code     0  rt_memclr_w.o(.text)
    __aeabi_memclr8                          0x08000393   Thumb Code     0  rt_memclr_w.o(.text)
    __rt_memclr_w                            0x08000393   Thumb Code    78  rt_memclr_w.o(.text)
    _memset_w                                0x08000397   Thumb Code     0  rt_memclr_w.o(.text)
    __use_two_region_memory                  0x080003e1   Thumb Code     2  heapauxi.o(.text)
    __rt_heap_escrow$2region                 0x080003e3   Thumb Code     2  heapauxi.o(.text)
    __rt_heap_expand$2region                 0x080003e5   Thumb Code     2  heapauxi.o(.text)
    _printf_int_common                       0x080003e7   Thumb Code   178  _printf_intcommon.o(.text)
    __lib_sel_fp_printf                      0x08000499   Thumb Code     2  _printf_fp_dec.o(.text)
    _printf_fp_dec_real                      0x08000647   Thumb Code   616  _printf_fp_dec.o(.text)
    _printf_char_common                      0x080008bb   Thumb Code    32  _printf_char_common.o(.text)
    _sputc                                   0x080008e1   Thumb Code    10  _sputc.o(.text)
    __rt_locale                              0x080008ed   Thumb Code     8  rt_locale_intlibspace.o(.text)
    _ll_udiv10                               0x080008f5   Thumb Code   138  lludiv10.o(.text)
    _printf_fp_infnan                        0x08000981   Thumb Code   112  _printf_fp_infnan.o(.text)
    _btod_etento                             0x08000a01   Thumb Code   212  bigflt0.o(.text)
    __user_libspace                          0x08000ad9   Thumb Code     8  libspace.o(.text)
    __user_perproc_libspace                  0x08000ad9   Thumb Code     0  libspace.o(.text)
    __user_perthread_libspace                0x08000ad9   Thumb Code     0  libspace.o(.text)
    __user_setup_stackheap                   0x08000ae1   Thumb Code    74  sys_stackheap_outer.o(.text)
    exit                                     0x08000b2b   Thumb Code    12  exit.o(.text)
    strcmp                                   0x08000b39   Thumb Code   128  strcmpv7m.o(.text)
    _sys_exit                                0x08000bb9   Thumb Code     8  sys_exit.o(.text)
    __I$use$semihosting                      0x08000bc5   Thumb Code     0  use_no_semi.o(.text)
    __use_no_semihosting_swi                 0x08000bc5   Thumb Code     2  use_no_semi.o(.text)
    __semihosting_library_function           0x08000bc7   Thumb Code     0  indicate_semi.o(.text)
    _btod_d2e                                0x08000bc7   Thumb Code    62  btod.o(CL$$btod_d2e)
    _d2e_denorm_low                          0x08000c05   Thumb Code    70  btod.o(CL$$btod_d2e_denorm_low)
    _d2e_norm_op1                            0x08000c4b   Thumb Code    96  btod.o(CL$$btod_d2e_norm_op1)
    __btod_div_common                        0x08000cab   Thumb Code   696  btod.o(CL$$btod_div_common)
    _e2e                                     0x08000fe3   Thumb Code   198  btod.o(CL$$btod_e2e)
    _btod_ediv                               0x080010a9   Thumb Code    40  btod.o(CL$$btod_ediv)
    _btod_emul                               0x080010d1   Thumb Code    40  btod.o(CL$$btod_emul)
    __btod_mult_common                       0x080010f9   Thumb Code   580  btod.o(CL$$btod_mult_common)
    BusFault_Handler                         0x0800133d   Thumb Code     2  stm32f1xx_it.o(i.BusFault_Handler)
    DebugMon_Handler                         0x0800133f   Thumb Code     2  stm32f1xx_it.o(i.DebugMon_Handler)
    EXTI9_5_IRQHandler                       0x08001341   Thumb Code     8  stm32f1xx_it.o(i.EXTI9_5_IRQHandler)
    Esp8266_Connect                          0x08001365   Thumb Code    60  esp8266.o(i.Esp8266_Connect)
    Esp8266_Init                             0x080013d9   Thumb Code   218  esp8266.o(i.Esp8266_Init)
    Esp8266_Sendata                          0x08001505   Thumb Code   156  esp8266.o(i.Esp8266_Sendata)
    HAL_Delay                                0x080015c5   Thumb Code    32  stm32f1xx_hal.o(i.HAL_Delay)
    HAL_GPIO_EXTI_Callback                   0x080015e9   Thumb Code    44  main.o(i.HAL_GPIO_EXTI_Callback)
    HAL_GPIO_EXTI_IRQHandler                 0x0800161d   Thumb Code    18  stm32f1xx_hal_gpio.o(i.HAL_GPIO_EXTI_IRQHandler)
    HAL_GPIO_Init                            0x08001635   Thumb Code   446  stm32f1xx_hal_gpio.o(i.HAL_GPIO_Init)
    HAL_GPIO_WritePin                        0x08001815   Thumb Code    10  stm32f1xx_hal_gpio.o(i.HAL_GPIO_WritePin)
    HAL_GetTick                              0x08001821   Thumb Code     6  stm32f1xx_hal.o(i.HAL_GetTick)
    HAL_IncTick                              0x0800182d   Thumb Code    12  stm32f1xx_hal.o(i.HAL_IncTick)
    HAL_Init                                 0x0800183d   Thumb Code    32  stm32f1xx_hal.o(i.HAL_Init)
    HAL_InitTick                             0x08001861   Thumb Code    54  stm32f1xx_hal.o(i.HAL_InitTick)
    HAL_MspInit                              0x080018a1   Thumb Code    52  stm32f1xx_hal_msp.o(i.HAL_MspInit)
    HAL_NVIC_EnableIRQ                       0x080018dd   Thumb Code    26  stm32f1xx_hal_cortex.o(i.HAL_NVIC_EnableIRQ)
    HAL_NVIC_SetPriority                     0x080018f9   Thumb Code    60  stm32f1xx_hal_cortex.o(i.HAL_NVIC_SetPriority)
    HAL_NVIC_SetPriorityGrouping             0x08001939   Thumb Code    26  stm32f1xx_hal_cortex.o(i.HAL_NVIC_SetPriorityGrouping)
    HAL_RCC_ClockConfig                      0x0800195d   Thumb Code   280  stm32f1xx_hal_rcc.o(i.HAL_RCC_ClockConfig)
    HAL_RCC_GetPCLK1Freq                     0x08001a89   Thumb Code    20  stm32f1xx_hal_rcc.o(i.HAL_RCC_GetPCLK1Freq)
    HAL_RCC_GetPCLK2Freq                     0x08001aa9   Thumb Code    20  stm32f1xx_hal_rcc.o(i.HAL_RCC_GetPCLK2Freq)
    HAL_RCC_GetSysClockFreq                  0x08001ac9   Thumb Code    58  stm32f1xx_hal_rcc.o(i.HAL_RCC_GetSysClockFreq)
    HAL_RCC_OscConfig                        0x08001b15   Thumb Code   778  stm32f1xx_hal_rcc.o(i.HAL_RCC_OscConfig)
    HAL_SPI_GetState                         0x08001e35   Thumb Code     6  stm32f1xx_hal_spi.o(i.HAL_SPI_GetState)
    HAL_SPI_Init                             0x08001e3b   Thumb Code   178  stm32f1xx_hal_spi.o(i.HAL_SPI_Init)
    HAL_SPI_MspInit                          0x08001eed   Thumb Code   102  stm32f1xx_hal_msp.o(i.HAL_SPI_MspInit)
    HAL_SPI_Receive                          0x08001f61   Thumb Code   342  stm32f1xx_hal_spi.o(i.HAL_SPI_Receive)
    HAL_SPI_Transmit                         0x080020b7   Thumb Code   366  stm32f1xx_hal_spi.o(i.HAL_SPI_Transmit)
    HAL_SPI_TransmitReceive                  0x08002225   Thumb Code   494  stm32f1xx_hal_spi.o(i.HAL_SPI_TransmitReceive)
    HAL_SYSTICK_Config                       0x08002413   Thumb Code    40  stm32f1xx_hal_cortex.o(i.HAL_SYSTICK_Config)
    HAL_TIMEx_BreakCallback                  0x0800243b   Thumb Code     2  stm32f1xx_hal_tim_ex.o(i.HAL_TIMEx_BreakCallback)
    HAL_TIMEx_CommutCallback                 0x0800243d   Thumb Code     2  stm32f1xx_hal_tim_ex.o(i.HAL_TIMEx_CommutCallback)
    HAL_TIMEx_MasterConfigSynchronization    0x08002441   Thumb Code    92  stm32f1xx_hal_tim_ex.o(i.HAL_TIMEx_MasterConfigSynchronization)
    HAL_TIM_Base_Init                        0x080024a9   Thumb Code    90  stm32f1xx_hal_tim.o(i.HAL_TIM_Base_Init)
    HAL_TIM_Base_MspInit                     0x08002505   Thumb Code    50  stm32f1xx_hal_msp.o(i.HAL_TIM_Base_MspInit)
    HAL_TIM_ConfigClockSource                0x0800253d   Thumb Code   220  stm32f1xx_hal_tim.o(i.HAL_TIM_ConfigClockSource)
    HAL_TIM_IC_CaptureCallback               0x08002619   Thumb Code     2  stm32f1xx_hal_tim.o(i.HAL_TIM_IC_CaptureCallback)
    HAL_TIM_IRQHandler                       0x0800261b   Thumb Code   358  stm32f1xx_hal_tim.o(i.HAL_TIM_IRQHandler)
    HAL_TIM_OC_DelayElapsedCallback          0x08002781   Thumb Code     2  stm32f1xx_hal_tim.o(i.HAL_TIM_OC_DelayElapsedCallback)
    HAL_TIM_PWM_PulseFinishedCallback        0x08002783   Thumb Code     2  stm32f1xx_hal_tim.o(i.HAL_TIM_PWM_PulseFinishedCallback)
    HAL_TIM_PeriodElapsedCallback            0x08002785   Thumb Code   240  main.o(i.HAL_TIM_PeriodElapsedCallback)
    HAL_TIM_TriggerCallback                  0x08002881   Thumb Code     2  stm32f1xx_hal_tim.o(i.HAL_TIM_TriggerCallback)
    HAL_UART_Init                            0x08002883   Thumb Code   100  stm32f1xx_hal_uart.o(i.HAL_UART_Init)
    HAL_UART_MspInit                         0x080028e9   Thumb Code   112  stm32f1xx_hal_msp.o(i.HAL_UART_MspInit)
    HAL_UART_Transmit                        0x08002969   Thumb Code   154  stm32f1xx_hal_uart.o(i.HAL_UART_Transmit)
    HardFault_Handler                        0x08002a03   Thumb Code     2  stm32f1xx_it.o(i.HardFault_Handler)
    LoRa_gotoMode                            0x08002a05   Thumb Code   102  lora.o(i.LoRa_gotoMode)
    LoRa_init                                0x08002a6b   Thumb Code   222  lora.o(i.LoRa_init)
    LoRa_read                                0x08002b49   Thumb Code    30  lora.o(i.LoRa_read)
    LoRa_readReg                             0x08002b67   Thumb Code    88  lora.o(i.LoRa_readReg)
    LoRa_receive                             0x08002bbf   Thumb Code   124  lora.o(i.LoRa_receive)
    LoRa_setFrequency                        0x08002c3b   Thumb Code    64  lora.o(i.LoRa_setFrequency)
    LoRa_setOCP                              0x08002c7b   Thumb Code    62  lora.o(i.LoRa_setOCP)
    LoRa_setPower                            0x08002cb9   Thumb Code    20  lora.o(i.LoRa_setPower)
    LoRa_setSpreadingFactor                  0x08002ccd   Thumb Code    58  lora.o(i.LoRa_setSpreadingFactor)
    LoRa_setTOMsb_setCRCon                   0x08002d07   Thumb Code    32  lora.o(i.LoRa_setTOMsb_setCRCon)
    LoRa_startReceiving                      0x08002d27   Thumb Code     6  lora.o(i.LoRa_startReceiving)
    LoRa_write                               0x08002d2d   Thumb Code    30  lora.o(i.LoRa_write)
    LoRa_writeReg                            0x08002d4b   Thumb Code    88  lora.o(i.LoRa_writeReg)
    MemManage_Handler                        0x08002f15   Thumb Code     2  stm32f1xx_it.o(i.MemManage_Handler)
    NMI_Handler                              0x08002f17   Thumb Code     2  stm32f1xx_it.o(i.NMI_Handler)
    PendSV_Handler                           0x08002f19   Thumb Code     2  stm32f1xx_it.o(i.PendSV_Handler)
    SVC_Handler                              0x08003051   Thumb Code     2  stm32f1xx_it.o(i.SVC_Handler)
    Setup_LoRa                               0x08003055   Thumb Code   108  main.o(i.Setup_LoRa)
    SysTick_Handler                          0x080030d1   Thumb Code     4  stm32f1xx_it.o(i.SysTick_Handler)
    SystemClock_Config                       0x080030d5   Thumb Code    94  main.o(i.SystemClock_Config)
    SystemInit                               0x08003133   Thumb Code     2  system_stm32f1xx.o(i.SystemInit)
    TIM2_IRQHandler                          0x08003135   Thumb Code     6  stm32f1xx_it.o(i.TIM2_IRQHandler)
    TIM_Base_SetConfig                       0x08003141   Thumb Code    94  stm32f1xx_hal_tim.o(i.TIM_Base_SetConfig)
    TIM_ETR_SetConfig                        0x080031ad   Thumb Code    20  stm32f1xx_hal_tim.o(i.TIM_ETR_SetConfig)
    UsageFault_Handler                       0x0800331d   Thumb Code     2  stm32f1xx_it.o(i.UsageFault_Handler)
    __ARM_fpclassify                         0x0800331f   Thumb Code    40  fpclassify.o(i.__ARM_fpclassify)
    main                                     0x08003369   Thumb Code   420  main.o(i.main)
    newLoRa                                  0x0800351d   Thumb Code    56  lora.o(i.newLoRa)
    retrieveUint32FromArray                  0x08003555   Thumb Code    26  main.o(i.retrieveUint32FromArray)
    _get_lc_numeric                          0x08003571   Thumb Code    44  lc_numeric_c.o(locale$$code)
    __fpl_dretinf                            0x0800359d   Thumb Code    12  dretinf.o(x$fpl$dretinf)
    __aeabi_f2d                              0x080035a9   Thumb Code     0  f2d.o(x$fpl$f2d)
    _f2d                                     0x080035a9   Thumb Code    86  f2d.o(x$fpl$f2d)
    __fpl_fnaninf                            0x080035ff   Thumb Code   140  fnaninf.o(x$fpl$fnaninf)
    _printf_fp_dec                           0x0800368b   Thumb Code     4  printf1.o(x$fpl$printf1)
    __I$use$fp                               0x0800368e   Number         0  usenofp.o(x$fpl$usenofp)
    AHBPrescTable                            0x080036a0   Data          16  system_stm32f1xx.o(.constdata)
    APBPrescTable                            0x080036b0   Data           8  system_stm32f1xx.o(.constdata)
    Region$$Table$$Base                      0x080037a8   Number         0  anon$$obj.o(Region$$Table)
    Region$$Table$$Limit                     0x080037c8   Number         0  anon$$obj.o(Region$$Table)
    LoRa_stat                                0x20000000   Data           1  main.o(.data)
    timerCount                               0x20000001   Data           1  main.o(.data)
    id                                       0x20000002   Data           1  main.o(.data)
    data                                     0x20000004   Data           4  main.o(.data)
    uwTickFreq                               0x20000008   Data           1  stm32f1xx_hal.o(.data)
    uwTickPrio                               0x2000000c   Data           4  stm32f1xx_hal.o(.data)
    uwTick                                   0x20000010   Data           4  stm32f1xx_hal.o(.data)
    SystemCoreClock                          0x20000014   Data           4  system_stm32f1xx.o(.data)
    hspi2                                    0x20000018   Data          88  main.o(.bss)
    htim2                                    0x20000070   Data          72  main.o(.bss)
    huart1                                   0x200000b8   Data          72  main.o(.bss)
    myLoRa                                   0x20000100   Data          44  main.o(.bss)
    RxBuffer                                 0x2000012c   Data         128  main.o(.bss)
    __libspace_start                         0x200001ac   Data          96  libspace.o(.bss)
    __temporary_stack_top$libspace           0x2000020c   Data           0  libspace.o(.bss)



==============================================================================

Memory Map of the image

  Image Entry point : 0x080000ed

  Load Region LR_IROM1 (Base: 0x08000000, Size: 0x000037fc, Max: 0x00010000, ABSOLUTE)

    Execution Region ER_IROM1 (Base: 0x08000000, Size: 0x000037e4, Max: 0x00010000, ABSOLUTE)

    Base Addr    Size         Type   Attr      Idx    E Section Name        Object

    0x08000000   0x000000ec   Data   RO            3    RESET               startup_stm32f103xb.o
    0x080000ec   0x00000008   Code   RO         3275  * !!!main             c_w.l(__main.o)
    0x080000f4   0x00000034   Code   RO         3492    !!!scatter          c_w.l(__scatter.o)
    0x08000128   0x0000001a   Code   RO         3494    !!handler_copy      c_w.l(__scatter_copy.o)
    0x08000142   0x00000002   PAD
    0x08000144   0x0000001c   Code   RO         3496    !!handler_zi        c_w.l(__scatter_zi.o)
    0x08000160   0x00000000   Code   RO         3266    .ARM.Collect$$_printf_percent$$00000000  c_w.l(_printf_percent.o)
    0x08000160   0x00000006   Code   RO         3265    .ARM.Collect$$_printf_percent$$00000003  c_w.l(_printf_f.o)
    0x08000166   0x00000006   Code   RO         3263    .ARM.Collect$$_printf_percent$$00000008  c_w.l(_printf_i.o)
    0x0800016c   0x00000006   Code   RO         3264    .ARM.Collect$$_printf_percent$$00000009  c_w.l(_printf_d.o)
    0x08000172   0x00000004   Code   RO         3290    .ARM.Collect$$_printf_percent$$00000017  c_w.l(_printf_percent_end.o)
    0x08000176   0x00000002   Code   RO         3368    .ARM.Collect$$libinit$$00000000  c_w.l(libinit.o)
    0x08000178   0x00000000   Code   RO         3370    .ARM.Collect$$libinit$$00000002  c_w.l(libinit2.o)
    0x08000178   0x00000000   Code   RO         3373    .ARM.Collect$$libinit$$00000008  c_w.l(libinit2.o)
    0x08000178   0x00000000   Code   RO         3375    .ARM.Collect$$libinit$$0000000A  c_w.l(libinit2.o)
    0x08000178   0x00000000   Code   RO         3377    .ARM.Collect$$libinit$$0000000C  c_w.l(libinit2.o)
    0x08000178   0x00000006   Code   RO         3378    .ARM.Collect$$libinit$$0000000D  c_w.l(libinit2.o)
    0x0800017e   0x00000000   Code   RO         3380    .ARM.Collect$$libinit$$0000000F  c_w.l(libinit2.o)
    0x0800017e   0x00000000   Code   RO         3382    .ARM.Collect$$libinit$$00000011  c_w.l(libinit2.o)
    0x0800017e   0x00000000   Code   RO         3384    .ARM.Collect$$libinit$$00000013  c_w.l(libinit2.o)
    0x0800017e   0x0000000a   Code   RO         3385    .ARM.Collect$$libinit$$00000014  c_w.l(libinit2.o)
    0x08000188   0x00000000   Code   RO         3386    .ARM.Collect$$libinit$$00000015  c_w.l(libinit2.o)
    0x08000188   0x00000000   Code   RO         3388    .ARM.Collect$$libinit$$00000017  c_w.l(libinit2.o)
    0x08000188   0x00000000   Code   RO         3390    .ARM.Collect$$libinit$$00000019  c_w.l(libinit2.o)
    0x08000188   0x00000000   Code   RO         3392    .ARM.Collect$$libinit$$0000001B  c_w.l(libinit2.o)
    0x08000188   0x00000000   Code   RO         3394    .ARM.Collect$$libinit$$0000001D  c_w.l(libinit2.o)
    0x08000188   0x00000000   Code   RO         3396    .ARM.Collect$$libinit$$0000001F  c_w.l(libinit2.o)
    0x08000188   0x00000000   Code   RO         3398    .ARM.Collect$$libinit$$00000021  c_w.l(libinit2.o)
    0x08000188   0x00000000   Code   RO         3400    .ARM.Collect$$libinit$$00000023  c_w.l(libinit2.o)
    0x08000188   0x00000000   Code   RO         3404    .ARM.Collect$$libinit$$0000002A  c_w.l(libinit2.o)
    0x08000188   0x00000000   Code   RO         3406    .ARM.Collect$$libinit$$0000002C  c_w.l(libinit2.o)
    0x08000188   0x00000000   Code   RO         3408    .ARM.Collect$$libinit$$0000002E  c_w.l(libinit2.o)
    0x08000188   0x00000000   Code   RO         3410    .ARM.Collect$$libinit$$00000030  c_w.l(libinit2.o)
    0x08000188   0x00000002   Code   RO         3411    .ARM.Collect$$libinit$$00000031  c_w.l(libinit2.o)
    0x0800018a   0x00000002   Code   RO         3441    .ARM.Collect$$libshutdown$$00000000  c_w.l(libshutdown.o)
    0x0800018c   0x00000000   Code   RO         3453    .ARM.Collect$$libshutdown$$00000003  c_w.l(libshutdown2.o)
    0x0800018c   0x00000000   Code   RO         3456    .ARM.Collect$$libshutdown$$00000006  c_w.l(libshutdown2.o)
    0x0800018c   0x00000000   Code   RO         3459    .ARM.Collect$$libshutdown$$00000009  c_w.l(libshutdown2.o)
    0x0800018c   0x00000000   Code   RO         3461    .ARM.Collect$$libshutdown$$0000000B  c_w.l(libshutdown2.o)
    0x0800018c   0x00000000   Code   RO         3464    .ARM.Collect$$libshutdown$$0000000E  c_w.l(libshutdown2.o)
    0x0800018c   0x00000002   Code   RO         3465    .ARM.Collect$$libshutdown$$0000000F  c_w.l(libshutdown2.o)
    0x0800018e   0x00000000   Code   RO         3281    .ARM.Collect$$rtentry$$00000000  c_w.l(rtentry.o)
    0x0800018e   0x00000000   Code   RO         3297    .ARM.Collect$$rtentry$$00000002  c_w.l(rtentry2.o)
    0x0800018e   0x00000006   Code   RO         3309    .ARM.Collect$$rtentry$$00000004  c_w.l(rtentry4.o)
    0x08000194   0x00000000   Code   RO         3299    .ARM.Collect$$rtentry$$00000009  c_w.l(rtentry2.o)
    0x08000194   0x00000004   Code   RO         3300    .ARM.Collect$$rtentry$$0000000A  c_w.l(rtentry2.o)
    0x08000198   0x00000000   Code   RO         3302    .ARM.Collect$$rtentry$$0000000C  c_w.l(rtentry2.o)
    0x08000198   0x00000008   Code   RO         3303    .ARM.Collect$$rtentry$$0000000D  c_w.l(rtentry2.o)
    0x080001a0   0x00000002   Code   RO         3412    .ARM.Collect$$rtexit$$00000000  c_w.l(rtexit.o)
    0x080001a2   0x00000000   Code   RO         3419    .ARM.Collect$$rtexit$$00000002  c_w.l(rtexit2.o)
    0x080001a2   0x00000004   Code   RO         3420    .ARM.Collect$$rtexit$$00000003  c_w.l(rtexit2.o)
    0x080001a6   0x00000006   Code   RO         3421    .ARM.Collect$$rtexit$$00000004  c_w.l(rtexit2.o)
    0x080001ac   0x00000040   Code   RO            4    .text               startup_stm32f103xb.o
    0x080001ec   0x00000028   Code   RO         3237    .text               c_w.l(noretval__2sprintf.o)
    0x08000214   0x00000068   Code   RO         3239    .text               c_w.l(__printf.o)
    0x0800027c   0x00000074   Code   RO         3241    .text               c_w.l(_printf_dec.o)
    0x080002f0   0x0000003e   Code   RO         3267    .text               c_w.l(strlen.o)
    0x0800032e   0x00000064   Code   RO         3269    .text               c_w.l(rt_memcpy_w.o)
    0x08000392   0x0000004e   Code   RO         3271    .text               c_w.l(rt_memclr_w.o)
    0x080003e0   0x00000006   Code   RO         3273    .text               c_w.l(heapauxi.o)
    0x080003e6   0x000000b2   Code   RO         3282    .text               c_w.l(_printf_intcommon.o)
    0x08000498   0x00000416   Code   RO         3284    .text               c_w.l(_printf_fp_dec.o)
    0x080008ae   0x00000002   PAD
    0x080008b0   0x00000030   Code   RO         3286    .text               c_w.l(_printf_char_common.o)
    0x080008e0   0x0000000a   Code   RO         3288    .text               c_w.l(_sputc.o)
    0x080008ea   0x00000002   PAD
    0x080008ec   0x00000008   Code   RO         3314    .text               c_w.l(rt_locale_intlibspace.o)
    0x080008f4   0x0000008a   Code   RO         3316    .text               c_w.l(lludiv10.o)
    0x0800097e   0x00000002   PAD
    0x08000980   0x00000080   Code   RO         3318    .text               c_w.l(_printf_fp_infnan.o)
    0x08000a00   0x000000d8   Code   RO         3322    .text               c_w.l(bigflt0.o)
    0x08000ad8   0x00000008   Code   RO         3354    .text               c_w.l(libspace.o)
    0x08000ae0   0x0000004a   Code   RO         3357    .text               c_w.l(sys_stackheap_outer.o)
    0x08000b2a   0x0000000c   Code   RO         3359    .text               c_w.l(exit.o)
    0x08000b36   0x00000002   PAD
    0x08000b38   0x00000080   Code   RO         3361    .text               c_w.l(strcmpv7m.o)
    0x08000bb8   0x0000000c   Code   RO         3431    .text               c_w.l(sys_exit.o)
    0x08000bc4   0x00000002   Code   RO         3442    .text               c_w.l(use_no_semi.o)
    0x08000bc6   0x00000000   Code   RO         3444    .text               c_w.l(indicate_semi.o)
    0x08000bc6   0x0000003e   Code   RO         3325    CL$$btod_d2e        c_w.l(btod.o)
    0x08000c04   0x00000046   Code   RO         3327    CL$$btod_d2e_denorm_low  c_w.l(btod.o)
    0x08000c4a   0x00000060   Code   RO         3326    CL$$btod_d2e_norm_op1  c_w.l(btod.o)
    0x08000caa   0x00000338   Code   RO         3335    CL$$btod_div_common  c_w.l(btod.o)
    0x08000fe2   0x000000c6   Code   RO         3332    CL$$btod_e2e        c_w.l(btod.o)
    0x080010a8   0x00000028   Code   RO         3329    CL$$btod_ediv       c_w.l(btod.o)
    0x080010d0   0x00000028   Code   RO         3328    CL$$btod_emul       c_w.l(btod.o)
    0x080010f8   0x00000244   Code   RO         3334    CL$$btod_mult_common  c_w.l(btod.o)
    0x0800133c   0x00000002   Code   RO          377    i.BusFault_Handler  stm32f1xx_it.o
    0x0800133e   0x00000002   Code   RO          378    i.DebugMon_Handler  stm32f1xx_it.o
    0x08001340   0x00000008   Code   RO          379    i.EXTI9_5_IRQHandler  stm32f1xx_it.o
    0x08001348   0x0000001c   Code   RO           13    i.Esp8266_ClearBuffer  esp8266.o
    0x08001364   0x00000074   Code   RO           15    i.Esp8266_Connect   esp8266.o
    0x080013d8   0x0000012c   Code   RO           16    i.Esp8266_Init      esp8266.o
    0x08001504   0x000000c0   Code   RO           17    i.Esp8266_Sendata   esp8266.o
    0x080015c4   0x00000024   Code   RO          890    i.HAL_Delay         stm32f1xx_hal.o
    0x080015e8   0x00000034   Code   RO          295    i.HAL_GPIO_EXTI_Callback  main.o
    0x0800161c   0x00000018   Code   RO         1199    i.HAL_GPIO_EXTI_IRQHandler  stm32f1xx_hal_gpio.o
    0x08001634   0x000001e0   Code   RO         1200    i.HAL_GPIO_Init     stm32f1xx_hal_gpio.o
    0x08001814   0x0000000a   Code   RO         1204    i.HAL_GPIO_WritePin  stm32f1xx_hal_gpio.o
    0x0800181e   0x00000002   PAD
    0x08001820   0x0000000c   Code   RO          894    i.HAL_GetTick       stm32f1xx_hal.o
    0x0800182c   0x00000010   Code   RO          900    i.HAL_IncTick       stm32f1xx_hal.o
    0x0800183c   0x00000024   Code   RO          901    i.HAL_Init          stm32f1xx_hal.o
    0x08001860   0x00000040   Code   RO          902    i.HAL_InitTick      stm32f1xx_hal.o
    0x080018a0   0x0000003c   Code   RO          465    i.HAL_MspInit       stm32f1xx_hal_msp.o
    0x080018dc   0x0000001a   Code   RO         1360    i.HAL_NVIC_EnableIRQ  stm32f1xx_hal_cortex.o
    0x080018f6   0x00000002   PAD
    0x080018f8   0x00000040   Code   RO         1366    i.HAL_NVIC_SetPriority  stm32f1xx_hal_cortex.o
    0x08001938   0x00000024   Code   RO         1367    i.HAL_NVIC_SetPriorityGrouping  stm32f1xx_hal_cortex.o
    0x0800195c   0x0000012c   Code   RO         1058    i.HAL_RCC_ClockConfig  stm32f1xx_hal_rcc.o
    0x08001a88   0x00000020   Code   RO         1065    i.HAL_RCC_GetPCLK1Freq  stm32f1xx_hal_rcc.o
    0x08001aa8   0x00000020   Code   RO         1066    i.HAL_RCC_GetPCLK2Freq  stm32f1xx_hal_rcc.o
    0x08001ac8   0x0000004c   Code   RO         1067    i.HAL_RCC_GetSysClockFreq  stm32f1xx_hal_rcc.o
    0x08001b14   0x00000320   Code   RO         1070    i.HAL_RCC_OscConfig  stm32f1xx_hal_rcc.o
    0x08001e34   0x00000006   Code   RO          570    i.HAL_SPI_GetState  stm32f1xx_hal_spi.o
    0x08001e3a   0x000000b2   Code   RO          572    i.HAL_SPI_Init      stm32f1xx_hal_spi.o
    0x08001eec   0x00000074   Code   RO          467    i.HAL_SPI_MspInit   stm32f1xx_hal_msp.o
    0x08001f60   0x00000156   Code   RO          575    i.HAL_SPI_Receive   stm32f1xx_hal_spi.o
    0x080020b6   0x0000016e   Code   RO          580    i.HAL_SPI_Transmit  stm32f1xx_hal_spi.o
    0x08002224   0x000001ee   Code   RO          581    i.HAL_SPI_TransmitReceive  stm32f1xx_hal_spi.o
    0x08002412   0x00000028   Code   RO         1371    i.HAL_SYSTICK_Config  stm32f1xx_hal_cortex.o
    0x0800243a   0x00000002   Code   RO         2566    i.HAL_TIMEx_BreakCallback  stm32f1xx_hal_tim_ex.o
    0x0800243c   0x00000002   Code   RO         2567    i.HAL_TIMEx_CommutCallback  stm32f1xx_hal_tim_ex.o
    0x0800243e   0x00000002   PAD
    0x08002440   0x00000068   Code   RO         2585    i.HAL_TIMEx_MasterConfigSynchronization  stm32f1xx_hal_tim_ex.o
    0x080024a8   0x0000005a   Code   RO         1862    i.HAL_TIM_Base_Init  stm32f1xx_hal_tim.o
    0x08002502   0x00000002   PAD
    0x08002504   0x00000038   Code   RO          469    i.HAL_TIM_Base_MspInit  stm32f1xx_hal_msp.o
    0x0800253c   0x000000dc   Code   RO         1871    i.HAL_TIM_ConfigClockSource  stm32f1xx_hal_tim.o
    0x08002618   0x00000002   Code   RO         1896    i.HAL_TIM_IC_CaptureCallback  stm32f1xx_hal_tim.o
    0x0800261a   0x00000166   Code   RO         1910    i.HAL_TIM_IRQHandler  stm32f1xx_hal_tim.o
    0x08002780   0x00000002   Code   RO         1913    i.HAL_TIM_OC_DelayElapsedCallback  stm32f1xx_hal_tim.o
    0x08002782   0x00000002   Code   RO         1940    i.HAL_TIM_PWM_PulseFinishedCallback  stm32f1xx_hal_tim.o
    0x08002784   0x000000fc   Code   RO          296    i.HAL_TIM_PeriodElapsedCallback  main.o
    0x08002880   0x00000002   Code   RO         1953    i.HAL_TIM_TriggerCallback  stm32f1xx_hal_tim.o
    0x08002882   0x00000064   Code   RO         2863    i.HAL_UART_Init     stm32f1xx_hal_uart.o
    0x080028e6   0x00000002   PAD
    0x080028e8   0x00000080   Code   RO          471    i.HAL_UART_MspInit  stm32f1xx_hal_msp.o
    0x08002968   0x0000009a   Code   RO         2871    i.HAL_UART_Transmit  stm32f1xx_hal_uart.o
    0x08002a02   0x00000002   Code   RO          380    i.HardFault_Handler  stm32f1xx_it.o
    0x08002a04   0x00000066   Code   RO          161    i.LoRa_gotoMode     lora.o
    0x08002a6a   0x000000de   Code   RO          162    i.LoRa_init         lora.o
    0x08002b48   0x0000001e   Code   RO          164    i.LoRa_read         lora.o
    0x08002b66   0x00000058   Code   RO          165    i.LoRa_readReg      lora.o
    0x08002bbe   0x0000007c   Code   RO          166    i.LoRa_receive      lora.o
    0x08002c3a   0x00000040   Code   RO          168    i.LoRa_setFrequency  lora.o
    0x08002c7a   0x0000003e   Code   RO          169    i.LoRa_setOCP       lora.o
    0x08002cb8   0x00000014   Code   RO          170    i.LoRa_setPower     lora.o
    0x08002ccc   0x0000003a   Code   RO          171    i.LoRa_setSpreadingFactor  lora.o
    0x08002d06   0x00000020   Code   RO          172    i.LoRa_setTOMsb_setCRCon  lora.o
    0x08002d26   0x00000006   Code   RO          173    i.LoRa_startReceiving  lora.o
    0x08002d2c   0x0000001e   Code   RO          175    i.LoRa_write        lora.o
    0x08002d4a   0x00000058   Code   RO          176    i.LoRa_writeReg     lora.o
    0x08002da2   0x00000002   PAD
    0x08002da4   0x000000c4   Code   RO          297    i.MX_GPIO_Init      main.o
    0x08002e68   0x00000044   Code   RO          298    i.MX_SPI2_Init      main.o
    0x08002eac   0x00000068   Code   RO          299    i.MX_TIM2_Init      main.o
    0x08002f14   0x00000002   Code   RO          381    i.MemManage_Handler  stm32f1xx_it.o
    0x08002f16   0x00000002   Code   RO          382    i.NMI_Handler       stm32f1xx_it.o
    0x08002f18   0x00000002   Code   RO          383    i.PendSV_Handler    stm32f1xx_it.o
    0x08002f1a   0x0000005c   Code   RO          609    i.SPI_EndRxTransaction  stm32f1xx_hal_spi.o
    0x08002f76   0x00000020   Code   RO          610    i.SPI_EndRxTxTransaction  stm32f1xx_hal_spi.o
    0x08002f96   0x00000002   PAD
    0x08002f98   0x000000b8   Code   RO          615    i.SPI_WaitFlagStateUntilTimeout  stm32f1xx_hal_spi.o
    0x08003050   0x00000002   Code   RO          384    i.SVC_Handler       stm32f1xx_it.o
    0x08003052   0x00000002   PAD
    0x08003054   0x0000007c   Code   RO          300    i.Setup_LoRa        main.o
    0x080030d0   0x00000004   Code   RO          385    i.SysTick_Handler   stm32f1xx_it.o
    0x080030d4   0x0000005e   Code   RO          301    i.SystemClock_Config  main.o
    0x08003132   0x00000002   Code   RO         3197    i.SystemInit        system_stm32f1xx.o
    0x08003134   0x0000000c   Code   RO          386    i.TIM2_IRQHandler   stm32f1xx_it.o
    0x08003140   0x0000006c   Code   RO         1955    i.TIM_Base_SetConfig  stm32f1xx_hal_tim.o
    0x080031ac   0x00000014   Code   RO         1966    i.TIM_ETR_SetConfig  stm32f1xx_hal_tim.o
    0x080031c0   0x00000010   Code   RO         1967    i.TIM_ITRx_SetConfig  stm32f1xx_hal_tim.o
    0x080031d0   0x00000022   Code   RO         1973    i.TIM_TI1_ConfigInputStage  stm32f1xx_hal_tim.o
    0x080031f2   0x00000024   Code   RO         1975    i.TIM_TI2_ConfigInputStage  stm32f1xx_hal_tim.o
    0x08003216   0x00000002   PAD
    0x08003218   0x0000008c   Code   RO         2889    i.UART_SetConfig    stm32f1xx_hal_uart.o
    0x080032a4   0x00000078   Code   RO         2892    i.UART_WaitOnFlagUntilTimeout  stm32f1xx_hal_uart.o
    0x0800331c   0x00000002   Code   RO          387    i.UsageFault_Handler  stm32f1xx_it.o
    0x0800331e   0x00000028   Code   RO         3352    i.__ARM_fpclassify  m_ws.l(fpclassify.o)
    0x08003346   0x00000020   Code   RO         1373    i.__NVIC_SetPriority  stm32f1xx_hal_cortex.o
    0x08003366   0x00000002   PAD
    0x08003368   0x000001b4   Code   RO          302    i.main              main.o
    0x0800351c   0x00000038   Code   RO          177    i.newLoRa           lora.o
    0x08003554   0x0000001a   Code   RO          303    i.retrieveUint32FromArray  main.o
    0x0800356e   0x00000002   PAD
    0x08003570   0x0000002c   Code   RO         3348    locale$$code        c_w.l(lc_numeric_c.o)
    0x0800359c   0x0000000c   Code   RO         3291    x$fpl$dretinf       fz_ws.l(dretinf.o)
    0x080035a8   0x00000056   Code   RO         3277    x$fpl$f2d           fz_ws.l(f2d.o)
    0x080035fe   0x0000008c   Code   RO         3293    x$fpl$fnaninf       fz_ws.l(fnaninf.o)
    0x0800368a   0x00000004   Code   RO         3279    x$fpl$printf1       fz_ws.l(printf1.o)
    0x0800368e   0x00000000   Code   RO         3295    x$fpl$usenofp       fz_ws.l(usenofp.o)
    0x0800368e   0x00000012   Data   RO         1071    .constdata          stm32f1xx_hal_rcc.o
    0x080036a0   0x00000010   Data   RO         3198    .constdata          system_stm32f1xx.o
    0x080036b0   0x00000008   Data   RO         3199    .constdata          system_stm32f1xx.o
    0x080036b8   0x00000094   Data   RO         3323    .constdata          c_w.l(bigflt0.o)
    0x0800374c   0x0000005c   Data   RO           18    .conststring        esp8266.o
    0x080037a8   0x00000020   Data   RO         3490    Region$$Table       anon$$obj.o
    0x080037c8   0x0000001c   Data   RO         3347    locale$$data        c_w.l(lc_numeric_c.o)


    Execution Region RW_IRAM1 (Base: 0x20000000, Size: 0x00000810, Max: 0x00005000, ABSOLUTE)

    Base Addr    Size         Type   Attr      Idx    E Section Name        Object

    0x20000000   0x00000008   Data   RW          306    .data               main.o
    0x20000008   0x0000000c   Data   RW          908    .data               stm32f1xx_hal.o
    0x20000014   0x00000004   Data   RW         3200    .data               system_stm32f1xx.o
    0x20000018   0x00000194   Zero   RW          304    .bss                main.o
    0x200001ac   0x00000060   Zero   RW         3355    .bss                c_w.l(libspace.o)
    0x2000020c   0x00000004   PAD
    0x20000210   0x00000200   Zero   RW            2    HEAP                startup_stm32f103xb.o
    0x20000410   0x00000400   Zero   RW            1    STACK               startup_stm32f103xb.o


==============================================================================

Image component sizes


      Code (inc. data)   RO Data    RW Data    ZI Data      Debug   Object Name

       636        174         92          0          0     434707   esp8266.o
       982          0          0          0          0       9554   lora.o
      1352         86          0          8        404       5985   main.o
        64         26        236          0       1536        800   startup_stm32f103xb.o
       164         28          0         12          0       5733   stm32f1xx_hal.o
       198         14          0          0          0      28499   stm32f1xx_hal_cortex.o
       514         40          0          0          0       3079   stm32f1xx_hal_gpio.o
       360         44          0          0          0       2766   stm32f1xx_hal_msp.o
      1240         84         18          0          0       4788   stm32f1xx_hal_rcc.o
      1694          4          0          0          0       6993   stm32f1xx_hal_spi.o
       890         14          0          0          0       8425   stm32f1xx_hal_tim.o
       108         12          0          0          0       2301   stm32f1xx_hal_tim_ex.o
       514          4          0          0          0       3436   stm32f1xx_hal_uart.o
        40          6          0          0          0       4601   stm32f1xx_it.o
         2          0         24          4          0       1083   system_stm32f1xx.o

    ----------------------------------------------------------------------
      8780        536        402         24       1940     522750   Object Totals
         0          0         32          0          0          0   (incl. Generated)
        22          0          0          0          0          0   (incl. Padding)

    ----------------------------------------------------------------------

      Code (inc. data)   RO Data    RW Data    ZI Data      Debug   Library Member Name

         8          0          0          0          0         68   __main.o
       104          0          0          0          0         84   __printf.o
        52          8          0          0          0          0   __scatter.o
        26          0          0          0          0          0   __scatter_copy.o
        28          0          0          0          0          0   __scatter_zi.o
        48          6          0          0          0         96   _printf_char_common.o
         6          0          0          0          0          0   _printf_d.o
       116         16          0          0          0         92   _printf_dec.o
         6          0          0          0          0          0   _printf_f.o
      1046          0          0          0          0        216   _printf_fp_dec.o
       128         16          0          0          0         84   _printf_fp_infnan.o
         6          0          0          0          0          0   _printf_i.o
       178          0          0          0          0         88   _printf_intcommon.o
         0          0          0          0          0          0   _printf_percent.o
         4          0          0          0          0          0   _printf_percent_end.o
        10          0          0          0          0         68   _sputc.o
       216          4        148          0          0         96   bigflt0.o
      1910        128          0          0          0        672   btod.o
        12          0          0          0          0         72   exit.o
         6          0          0          0          0        152   heapauxi.o
         0          0          0          0          0          0   indicate_semi.o
        44         10         28          0          0         76   lc_numeric_c.o
         2          0          0          0          0          0   libinit.o
        18          0          0          0          0          0   libinit2.o
         2          0          0          0          0          0   libshutdown.o
         2          0          0          0          0          0   libshutdown2.o
         8          4          0          0         96         68   libspace.o
       138          0          0          0          0         80   lludiv10.o
        40          6          0          0          0         84   noretval__2sprintf.o
         8          4          0          0          0         68   rt_locale_intlibspace.o
        78          0          0          0          0         80   rt_memclr_w.o
       100          0          0          0          0         80   rt_memcpy_w.o
         0          0          0          0          0          0   rtentry.o
        12          0          0          0          0          0   rtentry2.o
         6          0          0          0          0          0   rtentry4.o
         2          0          0          0          0          0   rtexit.o
        10          0          0          0          0          0   rtexit2.o
       128          0          0          0          0         68   strcmpv7m.o
        62          0          0          0          0         76   strlen.o
        12          4          0          0          0         68   sys_exit.o
        74          0          0          0          0         80   sys_stackheap_outer.o
         2          0          0          0          0         68   use_no_semi.o
        12          0          0          0          0         68   dretinf.o
        86          4          0          0          0         84   f2d.o
       140          4          0          0          0         84   fnaninf.o
         4          0          0          0          0         68   printf1.o
         0          0          0          0          0          0   usenofp.o
        40          0          0          0          0         68   fpclassify.o

    ----------------------------------------------------------------------
      4950        214        176          0        100       3056   Library Totals
        10          0          0          0          4          0   (incl. Padding)

    ----------------------------------------------------------------------

      Code (inc. data)   RO Data    RW Data    ZI Data      Debug   Library Name

      4658        206        176          0         96       2684   c_w.l
       242          8          0          0          0        304   fz_ws.l
        40          0          0          0          0         68   m_ws.l

    ----------------------------------------------------------------------
      4950        214        176          0        100       3056   Library Totals

    ----------------------------------------------------------------------

==============================================================================


      Code (inc. data)   RO Data    RW Data    ZI Data      Debug   

     13730        750        578         24       2040     519770   Grand Totals
     13730        750        578         24       2040     519770   ELF Image Totals
     13730        750        578         24          0          0   ROM Totals

==============================================================================

    Total RO  Size (Code + RO Data)                14308 (  13.97kB)
    Total RW  Size (RW Data + ZI Data)              2064 (   2.02kB)
    Total ROM Size (Code + RO Data + RW Data)      14332 (  14.00kB)

==============================================================================

